Fixing the production failure — inspecting the incident and repro.
Repro confirms the 500 — now tracing the cookie failure.
I've pinpointed the faulty maxAge check — now applying the fix.
The repro now passes — running the test suite to check for regressions.
Root cause: `res.cookie` in `lib/response.js` used `if ('maxAge' in opts)` to decide whether to derive `expires`/`Max-Age`. When the caller passes `{ maxAge: undefined }` (as `/session` does when `ttl` is unset), the key is present, so it computed `new Date(Date.now() + undefined)` → `Invalid Date` and `undefined/1000` → `NaN`. `cookie.serialize()` then throws `TypeError: option maxAge is invalid`, producing HTTP 500.

Files changed:
- `lib/response.js:871`: `if ('maxAge' in opts)` → `if (opts.maxAge != null)`. `null`/`undefined` are now treated as absent (session cookie, no `Expires`/`Max-Age`); `0` still works; genuinely invalid values (e.g. `'foobar'`) still flow through to `cookie.serialize` validation.

Validation:
- `/work/repro`: before `ORIGINAL_FAILURE_REPRODUCED / 500`, after `ORIGINAL_FAILURE_ABSENT / 200`.
- Manual check: `maxAge:undefined` and `maxAge:null` → `sid=abc123; Path=/; HttpOnly` (no `Invalid Date`); `maxAge:3600000` → `Max-Age=3600` + valid `Expires`.
- Tests: `npm test -- --grep cookie` (25 passing), `test/res.cookie.js + res.clearCookie.js + res.append.js` (18 passing), including existing `should throw an error with invalid maxAge`.

Remaining uncertainty: none about the incident path; `expires` passed explicitly as `undefined`/`Invalid Date` by a caller would still rely on downstream `cookie` handling, unchanged by this fix.

----- stderr -----
[0m
> build · muse-spark-1.3-contributor-free
[0m
[0m→ [0mRead repo
[0m→ [0mRead incident-evidence.md
[0m→ [0mRead incident-evidence.json
[0m→ [0mRead app/server.mjs
[0m
[0m$ [0mls -R /work/app 2>&1; echo ---; cat /work/repro 2>&1 | head -n 200; echo ---; ls -l /work/repro 2>&1
/work/app:
server.mjs
---
#!/usr/bin/env bash
# Experiment-only incident runner.
# Executes the captured production incident against the CURRENT worktree and
# reports whether the original failure is still present.
set -uo pipefail
OUT=$(node /work/.repro/rt/experiments/reproducer-v3/headline/replay-raw.mjs \
  --app /work/app/server.mjs \
  --capture /work/.repro/incident.repro.json \
  --port 48999 \
  --env '{"REPO_ROOT":"/work/repo","PGPORT":"54399","REPLAY_HOST":"127.0.0.1"}' 2>&1 | tail -1)

node -e '
const raw = process.argv[1];
let d = null; try { d = JSON.parse(raw); } catch {}
if (!d) { console.log("REPRO_RUNNER_ERROR"); console.log(raw.slice(0, 500)); process.exit(2); }
console.log(d.pass ? "ORIGINAL_FAILURE_REPRODUCED" : "ORIGINAL_FAILURE_ABSENT");
console.log("observed_http_status=" + (d.status ?? "none"));
' "$OUT"
---
-rwxr-xr-x 1 root root 815 Sep 11 18:34 /work/repro
[0m
[0m$ [0m/work/repro 2>&1
ORIGINAL_FAILURE_REPRODUCED
observed_http_status=500
[0m
[0m→ [0mRead repo/node_modules/cookie/index.js[90m [offset=100, limit=60][0m
[0m→ [0mRead repo/lib/response.js[90m [offset=860, limit=60][0m
[0m→ [0mRead repo/lib/response.js[90m [offset=830, limit=55][0m
[0m
[0m$ [0mgit log --oneline -15 2>&1; echo ---; git status --short 2>&1; echo ---; git diff HEAD --stat 2>&1
f4c2160 Initial import of the deployed revision
---
---
[0m
[0m✗ [0mGrep "res\.cookie|maxAge" failed[90m in repo/test[0m
[91m[1mError: [0mripgrep execution failed
[0m
[0m$ [0mls test/ 2>&1; echo ---; grep -rn "maxAge" test/ 2>&1 | head -n 50; echo ---; grep -rn "cookie" test/ --include="*.js" -l 2>&1 | head
Route.js
Router.js
acceptance
app.all.js
app.del.js
app.engine.js
app.head.js
app.js
app.listen.js
app.locals.js
app.options.js
app.param.js
app.render.js
app.request.js
app.response.js
app.route.js
app.router.js
app.routes.error.js
app.use.js
config.js
exports.js
express.json.js
express.raw.js
express.static.js
express.text.js
express.urlencoded.js
fixtures
middleware.basic.js
regression.js
req.accepts.js
req.acceptsCharset.js
req.acceptsCharsets.js
req.acceptsEncoding.js
req.acceptsEncodings.js
req.acceptsLanguage.js
req.acceptsLanguages.js
req.baseUrl.js
req.fresh.js
req.get.js
req.host.js
req.hostname.js
req.ip.js
req.ips.js
req.is.js
req.param.js
req.path.js
req.protocol.js
req.query.js
req.range.js
req.route.js
req.secure.js
req.signedCookies.js
req.stale.js
req.subdomains.js
req.xhr.js
res.append.js
res.attachment.js
res.clearCookie.js
res.cookie.js
res.download.js
res.format.js
res.get.js
res.json.js
res.jsonp.js
res.links.js
res.locals.js
res.location.js
res.redirect.js
res.render.js
res.send.js
res.sendFile.js
res.sendStatus.js
res.set.js
res.status.js
res.type.js
res.vary.js
support
utils.js
---
test/res.sendFile.js:621:    describe('with "maxAge" option', function () {
test/res.sendFile.js:627:            maxAge: 20000
test/res.sendFile.js:643:            maxAge: 99999999999
test/res.sendFile.js:659:            maxAge: -20000
test/res.sendFile.js:675:            maxAge: 21911.23
test/res.sendFile.js:693:              maxAge: 20000
test/res.sendFile.js:711:              maxAge: '20000'
test/res.sendFile.js:727:              maxAge: '20s'
test/res.sendFile.js:743:              maxAge: '20m'
test/res.sendFile.js:759:              maxAge: '20d'
test/res.sendFile.js:849:        res.sendfile('test/fixtures/user.html', { maxAge: 60000 });
test/res.download.js:96:          maxAge: '4h'
test/res.download.js:337:          maxAge: '4h'
test/express.static.js:196:      it('should ignore maxAge', function (done) {
test/express.static.js:197:        request(createApp(fixtures, { 'cacheControl': false, 'maxAge': 12000 }))
test/express.static.js:425:      request(createApp(fixtures, { 'immutable': true, 'maxAge': '1h' }))
test/express.static.js:451:  describe('maxAge', function () {
test/express.static.js:453:      request(createApp(fixtures, { 'maxAge': '30d' }))
test/express.static.js:460:      request(createApp(fixtures, { 'maxAge': Infinity }))
test/res.cookie.js:70:    describe('maxAge', function(){
test/res.cookie.js:75:          res.cookie('name', 'tobi', { maxAge: 1000 });
test/res.cookie.js:89:          res.cookie('name', 'tobi', { maxAge: 1000 });
test/res.cookie.js:101:        var options = { maxAge: 1000 };
test/res.cookie.js:114:      it('should throw an error with invalid maxAge', function (done) {
test/res.cookie.js:118:          res.cookie('name', 'tobi', { maxAge: 'foobar' })
test/res.cookie.js:124:          .expect(500, /option maxAge is invalid/, done)
---
test/res.clearCookie.js
test/acceptance/cookie-sessions.js
test/acceptance/auth.js
test/acceptance/cookies.js
test/req.signedCookies.js
test/res.cookie.js
test/res.append.js
[0m
[0m→ [0mRead repo/test/res.cookie.js
[0m✗ [0mGrep "clearCookie" failed[90m in repo/lib[0m
[91m[1mError: [0mripgrep execution failed
[0m
[0m$ [0mgrep -rn "clearCookie\|maxAge" lib/ 2>&1 | head -n 30
lib/response.js:388: *   - `maxAge`   defaulting to 0 (can be string converted by `ms`)
lib/response.js:470: *   - `maxAge`   defaulting to 0 (can be string converted by `ms`)
lib/response.js:824:res.clearCookie = function clearCookie(name, options) {
lib/response.js:835: *    - `maxAge`   max-age in milliseconds, converted to `expires`
lib/response.js:845: *    res.cookie('rememberme', '1', { maxAge: 900000, httpOnly: true })
lib/response.js:871:  if ('maxAge' in opts) {
lib/response.js:872:    opts.expires = new Date(Date.now() + opts.maxAge);
lib/response.js:873:    opts.maxAge /= 1000;
[0m
[0m→ [0mRead repo/lib/response.js[90m [offset=824, limit=10][0m
[0m→ [0mRead repo/lib/response.js[90m [limit=30][0m
[0m
[0m← [0mEdit repo/lib/response.js
Index: /work/repo/lib/response.js
===================================================================
--- /work/repo/lib/response.js
+++ /work/repo/lib/response.js
@@ -867,9 +867,9 @@
 if (signed) {
   val = 's:' + sign(val, secret);
 }
 
-if ('maxAge' in opts) {
+if (opts.maxAge != null) {
   opts.expires = new Date(Date.now() + opts.maxAge);
   opts.maxAge /= 1000;
 }
 

[0m
[0m$ [0m/work/repro 2>&1
ORIGINAL_FAILURE_ABSENT
observed_http_status=200
[0m
[0m$ [0mnpm test -- --grep "cookie" 2>&1 | tail -n 40; echo EXIT:$?
✔ should allow multiple calls
    .cookie(name, string, options)
      ✔ should set params
      maxAge
        ✔ should set relative expires
        ✔ should set max-age
        ✔ should not mutate the options object
        ✔ should throw an error with invalid maxAge
      signed
        ✔ should generate a signed JSON cookie
      signed without secret
        ✔ should throw an error
      .signedCookie(name, string)
        ✔ should set a signed cookie

  auth
    GET /restricted
      ✔ should redirect to /login without cookie
      ✔ should succeed with proper cookie (55ms)

  cookie-sessions
    GET /
      ✔ should display no views
      ✔ should set a session cookie
      ✔ should display 1 view on revisit

  cookies
    GET /
      ✔ should have a form
      ✔ should respond with no cookies
      ✔ should respond to cookie
    GET /forget
      ✔ should clear cookie
    POST /
      ✔ should set a cookie
      ✔ should no set cookie w/o reminder


  25 passing (214ms)

EXIT:0
[0m
[0m$ [0mnpm test -- --grep "res\.cookie|res\.clearCookie|res\.append" 2>&1 | tail -n 20; echo ---; node -e '
const e=require("./lib/express.js"); void e;
const app=require("./index.js")();
const http=require("http");
app.get("/t1",(req,res)=>{res.cookie("sid","abc123",{maxAge:undefined,httpOnly:true});res.json({ok:true})});
app.get("/t2",(req,res)=>{res.cookie("sid","abc123",{maxAge:null,httpOnly:true});res.json({ok:true})});
app.get("/t3",(req,res)=>{res.cookie("sid","abc123",{maxAge:3600000,httpOnly:true});res.json({ok:true})});
const s=app.listen(0,async()=>{
 const p=s.address().port;
 for(const u of ["/t1","/t2","/t3"]){
  await new Promise((res,rej)=>{
   http.get({host:"127.0.0.1",port:p,path:u},(r)=>{
    let b="";r.on("data",c=>b+=c);r.on("end",()=>{console.log(u,r.statusCode,JSON.stringify(r.headers["set-cookie"]));res()});
   }).on("error",rej);
  });
 }
 s.close();
});' 2>&1
> express@4.17.3 test
> mocha --require test/support/env --reporter spec --bail --check-leaks test/ test/acceptance/ --grep res\.cookie|res\.clearCookie|res\.append



  res
    .append(field, val)
      ✔ should work together with res.cookie


  1 passing (36ms)

---
/t1 200 ["sid=abc123; Path=/; HttpOnly"]
/t2 200 ["sid=abc123; Path=/; HttpOnly"]
/t3 200 ["sid=abc123; Max-Age=3600; Path=/; Expires=Fri, 11 Sep 2026 19:35:36 GMT; HttpOnly"]
[0m
[0m$ [0mnpx mocha --require test/support/env --reporter dot --check-leaks test/res.cookie.js test/res.clearCookie.js test/res.append.js 2>&1 | tail -n 15
..................

  18 passing (106ms)
[0m
[0m$ [0mgit diff 2>&1
diff --git a/lib/response.js b/lib/response.js
index bfa7871..37d201b 100644
--- a/lib/response.js
+++ b/lib/response.js
@@ -868,7 +868,7 @@ res.cookie = function (name, value, options) {
     val = 's:' + sign(val, secret);
   }
 
-  if ('maxAge' in opts) {
+  if (opts.maxAge != null) {
     opts.expires = new Date(Date.now() + opts.maxAge);
     opts.maxAge /= 1000;
   }
[0m
