Fixing your production backend — first mapping the failure.
I've pinpointed the crash to an undefined cookie expiry — now digging deeper to craft the fix.
Confirmed the trigger — now applying the fix.
The main case is fixed — now checking edge cases and regressions.
Root cause: `res.cookie` in `lib/response.js` used `if ('maxAge' in opts)` to decide whether to derive `Expires`/`Max-Age`. `utils-merge` preserves an explicit `maxAge: undefined` key, so `GET /session` (which passes `{maxAge: undefined}` when `?ttl!=persist`) entered the branch, producing `expires=Invalid Date` and `maxAge=NaN`, which `cookie.serialize` rejects with `TypeError: option maxAge is invalid`.

Files changed:
- `lib/response.js:871`: `if ('maxAge' in opts)` → `if (opts.maxAge != null)` — skips `null`/`undefined` (matching `cookie`'s own `null != opt.maxAge` semantics) while preserving `0`, numeric strings, and throwing on invalid values like `'foobar'`.

Validation:
- Reproduced 500 on `GET /session` before fix; after fix `GET /session` → `200 {"ok":true}` with `Set-Cookie: sid=abc123; Path=/; HttpOnly` (no `Invalid Date`), and `GET /session?ttl=persist` → `200` with `Max-Age=3600` + valid `Expires`.
- Edge checks: `undefined`/`null`/absent → plain session cookie; `1000` → `Max-Age=1`; `0` → `Max-Age=0`; `'foobar'` → still `500 /option maxAge is invalid/`.
- `test/res.cookie.js`, `test/res.clearCookie.js`, `test/res.append.js`: 18 passing. Cookie-related suite: 25 passing.
- Full `npm test` has one pre-existing failure in `test/express.json.js` (Node 22 JSON error wording), confirmed present on pristine revision via `git stash`.

Remaining uncertainty: none for incident; `clearCookie` with explicit `expires: undefined` can still clobber its default expiry via `merge`, but out of scope for this incident.

----- stderr -----
[0m
> build · muse-spark-1.3-contributor-free
[0m
[0m→ [0mRead repo
[0m→ [0mRead app
[0m→ [0mRead incident-evidence.md
[0m→ [0mRead incident-evidence.json
[0m→ [0mRead app/server.mjs
[0m→ [0mRead repo/lib/response.js
[0m→ [0mRead repo/node_modules/cookie/index.js
[0m
[0m$ [0mgit log --oneline -15; echo "---"; git status; echo "---"; git diff --stat HEAD 2>&1 | head -n 50
2bd6075 Initial import of the deployed revision
---
On branch main
nothing to commit, working tree clean
---
[0m
[0m✗ [0mGrep "res\.cookie|maxAge" failed[90m in repo/test[0m
[91m[1mError: [0mripgrep execution failed
[0m
[0m$ [0mls test/; grep -rn "maxAge\|res.cookie" test/ | head -n 100
Route.js
Router.js
acceptance
app.all.js
app.del.js
app.engine.js
app.head.js
app.js
app.listen.js
app.locals.js
app.options.js
app.param.js
app.render.js
app.request.js
app.response.js
app.route.js
app.router.js
app.routes.error.js
app.use.js
config.js
exports.js
express.json.js
express.raw.js
express.static.js
express.text.js
express.urlencoded.js
fixtures
middleware.basic.js
regression.js
req.accepts.js
req.acceptsCharset.js
req.acceptsCharsets.js
req.acceptsEncoding.js
req.acceptsEncodings.js
req.acceptsLanguage.js
req.acceptsLanguages.js
req.baseUrl.js
req.fresh.js
req.get.js
req.host.js
req.hostname.js
req.ip.js
req.ips.js
req.is.js
req.param.js
req.path.js
req.protocol.js
req.query.js
req.range.js
req.route.js
req.secure.js
req.signedCookies.js
req.stale.js
req.subdomains.js
req.xhr.js
res.append.js
res.attachment.js
res.clearCookie.js
res.cookie.js
res.download.js
res.format.js
res.get.js
res.json.js
res.jsonp.js
res.links.js
res.locals.js
res.location.js
res.redirect.js
res.render.js
res.send.js
res.sendFile.js
res.sendStatus.js
res.set.js
res.status.js
res.type.js
res.vary.js
support
utils.js
test/res.sendFile.js:621:    describe('with "maxAge" option', function () {
test/res.sendFile.js:627:            maxAge: 20000
test/res.sendFile.js:643:            maxAge: 99999999999
test/res.sendFile.js:659:            maxAge: -20000
test/res.sendFile.js:675:            maxAge: 21911.23
test/res.sendFile.js:693:              maxAge: 20000
test/res.sendFile.js:711:              maxAge: '20000'
test/res.sendFile.js:727:              maxAge: '20s'
test/res.sendFile.js:743:              maxAge: '20m'
test/res.sendFile.js:759:              maxAge: '20d'
test/res.sendFile.js:849:        res.sendfile('test/fixtures/user.html', { maxAge: 60000 });
test/res.download.js:96:          maxAge: '4h'
test/res.download.js:337:          maxAge: '4h'
test/req.signedCookies.js:16:          res.cookie('obj', { foo: 'bar' }, { signed: true });
test/express.static.js:196:      it('should ignore maxAge', function (done) {
test/express.static.js:197:        request(createApp(fixtures, { 'cacheControl': false, 'maxAge': 12000 }))
test/express.static.js:425:      request(createApp(fixtures, { 'immutable': true, 'maxAge': '1h' }))
test/express.static.js:451:  describe('maxAge', function () {
test/express.static.js:453:      request(createApp(fixtures, { 'maxAge': '30d' }))
test/express.static.js:460:      request(createApp(fixtures, { 'maxAge': Infinity }))
test/res.cookie.js:14:        res.cookie('user', { name: 'tobi' }).end();
test/res.cookie.js:29:        res.cookie('name', 'tobi').end();
test/res.cookie.js:42:        res.cookie('name', 'tobi');
test/res.cookie.js:43:        res.cookie('age', 1);
test/res.cookie.js:44:        res.cookie('gender', '?');
test/res.cookie.js:60:        res.cookie('name', 'tobi', { httpOnly: true, secure: true });
test/res.cookie.js:70:    describe('maxAge', function(){
test/res.cookie.js:75:          res.cookie('name', 'tobi', { maxAge: 1000 });
test/res.cookie.js:89:          res.cookie('name', 'tobi', { maxAge: 1000 });
test/res.cookie.js:101:        var options = { maxAge: 1000 };
test/res.cookie.js:105:          res.cookie('name', 'tobi', options)
test/res.cookie.js:114:      it('should throw an error with invalid maxAge', function (done) {
test/res.cookie.js:118:          res.cookie('name', 'tobi', { maxAge: 'foobar' })
test/res.cookie.js:124:          .expect(500, /option maxAge is invalid/, done)
test/res.cookie.js:135:          res.cookie('user', { name: 'tobi' }, { signed: true }).end();
test/res.cookie.js:152:          res.cookie('name', 'tobi', { signed: true }).end();
test/res.cookie.js:168:          res.cookie('name', 'tobi', { signed: true }).end();
test/res.append.js:85:    it('should work together with res.cookie', function (done) {
test/res.append.js:89:        res.cookie('foo', 'bar')
[0m
[0m→ [0mRead repo/test/res.clearCookie.js
[0m→ [0mRead repo/test/res.cookie.js
[0m
[0m$ [0mnode -e "var merge=require('utils-merge'); var o=merge({}, {maxAge: undefined, a:1}); console.log(Object.keys(o), 'maxAge' in o, o.maxAge); console.log(merge({expires:new Date(1),path:'/'},{path:'/admin'}))"
[ 'maxAge', 'a' ] true undefined
{ expires: 1970-01-01T00:00:00.001Z, path: '/admin' }
[0m
[0m$ [0mnode -e "var merge=require('utils-merge'); console.log(merge({}, undefined)); console.log(merge({}, null))"
{}
{}
[0m
[0m$ [0mnode -e "var merge=require('utils-merge'); console.log(merge({expires: new Date(1), path:'/'}, {expires: undefined})); console.log('key in?', 'expires' in merge({expires:new Date(1)},{expires:undefined}))"
{ expires: undefined, path: '/' }
key in? true
[0m
[0m$ [0mREPO_ROOT=/work/repo PORT=51181 node /work/app/server.mjs &
sleep 1
echo "--- no ttl (should 500 before fix) ---"
curl -s -i "http://127.0.0.1:51181/session" | head -n 30
echo "--- persist ---"
curl -s -i "http://127.0.0.1:51181/session?ttl=persist" | head -n 30
kill %1; wait 2>/dev/null; true
READY
--- no ttl (should 500 before fix) ---
HTTP/1.1 500 Internal Server Error
X-Powered-By: Express
Content-Security-Policy: default-src 'none'
X-Content-Type-Options: nosniff
Content-Type: text/html; charset=utf-8
Content-Length: 895
Date: Fri, 11 Sep 2026 17:07:50 GMT
Connection: keep-alive
Keep-Alive: timeout=5

<!DOCTYPE html>
<html lang="en">
<head>
<meta charset="utf-8">
<title>Error</title>
</head>
<body>
<pre>TypeError: option maxAge is invalid<br> &nbsp; &nbsp;at Object.serialize (/work/repo/node_modules/cookie/index.js:125:13)<br> &nbsp; &nbsp;at res.cookie (/work/repo/lib/response.js:880:36)<br> &nbsp; &nbsp;at file:///work/app/server.mjs:6:7<br> &nbsp; &nbsp;at Layer.handle [as handle_request] (/work/repo/lib/router/layer.js:95:5)<br> &nbsp; &nbsp;at next (/work/repo/lib/router/route.js:137:13)<br> &nbsp; &nbsp;at Route.dispatch (/work/repo/lib/router/route.js:112:3)<br> &nbsp; &nbsp;at Layer.handle [as handle_request] (/work/repo/lib/router/layer.js:95:5)<br> &nbsp; &nbsp;at /work/repo/lib/router/index.js:280:22<br> &nbsp; &nbsp;at Function.process_params (/work/repo/lib/router/index.js:340:12)<br> &nbsp; &nbsp;at next (/work/repo/lib/router/index.js:274:10)</pre>
</body>
</html>
TypeError: option maxAge is invalid
    at Object.serialize (/work/repo/node_modules/cookie/index.js:125:13)
    at res.cookie (/work/repo/lib/response.js:880:36)
    at file:///work/app/server.mjs:6:7
    at Layer.handle [as handle_request] (/work/repo/lib/router/layer.js:95:5)
    at next (/work/repo/lib/router/route.js:137:13)
    at Route.dispatch (/work/repo/lib/router/route.js:112:3)
    at Layer.handle [as handle_request] (/work/repo/lib/router/layer.js:95:5)
    at /work/repo/lib/router/index.js:280:22
    at Function.process_params (/work/repo/lib/router/index.js:340:12)
    at next (/work/repo/lib/router/index.js:274:10)
--- persist ---
HTTP/1.1 200 OK
X-Powered-By: Express
Set-Cookie: sid=abc123; Max-Age=3600; Path=/; Expires=Fri, 11 Sep 2026 18:07:50 GMT; HttpOnly
Content-Type: application/json; charset=utf-8
Content-Length: 11
ETag: W/"b-Ai2R8hgEarLmHKwesT1qcY913ys"
Date: Fri, 11 Sep 2026 17:07:50 GMT
Connection: keep-alive
Keep-Alive: timeout=5

{"ok":true}
[0m
[0m← [0mEdit repo/lib/response.js
Index: /work/repo/lib/response.js
===================================================================
--- /work/repo/lib/response.js
+++ /work/repo/lib/response.js
@@ -867,9 +867,9 @@
 if (signed) {
   val = 's:' + sign(val, secret);
 }
 
-if ('maxAge' in opts) {
+if (opts.maxAge != null) {
   opts.expires = new Date(Date.now() + opts.maxAge);
   opts.maxAge /= 1000;
 }
 

[0m
[0m$ [0mREPO_ROOT=/work/repo PORT=51182 node /work/app/server.mjs &
sleep 1
echo "--- no ttl (should 200 after fix) ---"
curl -s -i "http://127.0.0.1:51182/session" | head -n 30
echo "--- persist ---"
curl -s -i "http://127.0.0.1:51182/session?ttl=persist" | head -n 30
echo "--- Invalid Date check ---"
curl -s -i "http://127.0.0.1:51182/session" | grep -i "Invalid Date" && echo "FOUND Invalid Date (BAD)" || echo "No Invalid Date (GOOD)"
kill %1; wait 2>/dev/null; true
READY
--- no ttl (should 200 after fix) ---
HTTP/1.1 200 OK
X-Powered-By: Express
Set-Cookie: sid=abc123; Path=/; HttpOnly
Content-Type: application/json; charset=utf-8
Content-Length: 11
ETag: W/"b-Ai2R8hgEarLmHKwesT1qcY913ys"
Date: Fri, 11 Sep 2026 17:08:32 GMT
Connection: keep-alive
Keep-Alive: timeout=5

{"ok":true}--- persist ---
HTTP/1.1 200 OK
X-Powered-By: Express
Set-Cookie: sid=abc123; Max-Age=3600; Path=/; Expires=Fri, 11 Sep 2026 18:08:32 GMT; HttpOnly
Content-Type: application/json; charset=utf-8
Content-Length: 11
ETag: W/"b-Ai2R8hgEarLmHKwesT1qcY913ys"
Date: Fri, 11 Sep 2026 17:08:32 GMT
Connection: keep-alive
Keep-Alive: timeout=5

{"ok":true}--- Invalid Date check ---
No Invalid Date (GOOD)
[0m
[0m$ [0mnode -e "
var express = require('./');
var request = require('supertest');
async function t(){
  // undefined maxAge -> no Max-Age/Expires
  var app1 = express();
  app1.use((req,res)=>{ res.cookie('a','1',{maxAge: undefined}).end(); });
  await new Promise((res,rej)=> request(app1).get('/').expect('Set-Cookie','a=1; Path=/').expect(200).end((e)=> e?rej(e):res()));
  console.log('undefined maxAge: PASS');
  // null maxAge -> no Max-Age/Expires
  var app2 = express();
  app2.use((req,res)=>{ res.cookie('a','1',{maxAge: null}).end(); });
  await new Promise((res,rej)=> request(app2).get('/').expect('Set-Cookie','a=1; Path=/').expect(200).end((e)=> e?rej(e):res()));
  console.log('null maxAge: PASS');
  // no options
  var app3 = express();
  app3.use((req,res)=>{ res.cookie('a','1').end(); });
  await new Promise((res,rej)=> request(app3).get('/').expect('Set-Cookie','a=1; Path=/').expect(200).end((e)=> e?rej(e):res()));
  console.log('no options: PASS');
  // valid maxAge still works
  var app4 = express();
  app4.use((req,res)=>{ res.cookie('a','1',{maxAge:1000}).end(); });
  await new Promise((res,rej)=> request(app4).get('/').expect('Set-Cookie',/Max-Age=1/).expect(200).end((e)=> e?rej(e):res()));
  console.log('valid maxAge: PASS');
  // maxAge 0 still works
  var app5 = express();
  app5.use((req,res)=>{ res.cookie('a','1',{maxAge:0}).end(); });
  await new Promise((res,rej)=> request(app5).get('/').expect('Set-Cookie',/Max-Age=0/).expect(200).end((e)=> e?rej(e):res()));
  console.log('maxAge 0: PASS');
  // invalid maxAge still throws
  var app6 = express();
  app6.use((req,res)=>{ res.cookie('a','1',{maxAge:'foobar'}); res.end(); });
  await new Promise((res,rej)=> request(app6).get('/').expect(500,/option maxAge is invalid/).end((e)=> e?rej(e):res()));
  console.log('invalid maxAge throws: PASS');
}
t().catch(e=>{console.error('FAIL',e);process.exit(1)});
"
undefined maxAge: PASS
null maxAge: PASS
no options: PASS
valid maxAge: PASS
maxAge 0: PASS
invalid maxAge throws: PASS
TypeError: option maxAge is invalid
    at Object.serialize (/work/repo/node_modules/cookie/index.js:125:13)
    at res.cookie (/work/repo/lib/response.js:880:36)
    at [eval]:32:29
    at Layer.handle [as handle_request] (/work/repo/lib/router/layer.js:95:5)
    at trim_prefix (/work/repo/lib/router/index.js:322:13)
    at /work/repo/lib/router/index.js:283:7
    at Function.process_params (/work/repo/lib/router/index.js:340:12)
    at next (/work/repo/lib/router/index.js:274:10)
    at expressInit (/work/repo/lib/middleware/init.js:40:5)
    at Layer.handle [as handle_request] (/work/repo/lib/router/layer.js:95:5)
[0m
[0m$ [0mnpm test -- --grep "cookie" 2>&1 | tail -n 40
✔ should allow multiple calls
    .cookie(name, string, options)
      ✔ should set params
      maxAge
        ✔ should set relative expires
        ✔ should set max-age
        ✔ should not mutate the options object
        ✔ should throw an error with invalid maxAge
      signed
        ✔ should generate a signed JSON cookie
      signed without secret
        ✔ should throw an error
      .signedCookie(name, string)
        ✔ should set a signed cookie

  auth
    GET /restricted
      ✔ should redirect to /login without cookie
      ✔ should succeed with proper cookie (51ms)

  cookie-sessions
    GET /
      ✔ should display no views
      ✔ should set a session cookie
      ✔ should display 1 view on revisit

  cookies
    GET /
      ✔ should have a form
      ✔ should respond with no cookies
      ✔ should respond to cookie
    GET /forget
      ✔ should clear cookie
    POST /
      ✔ should set a cookie
      ✔ should no set cookie w/o reminder


  25 passing (231ms)
[0m
[0m$ [0mnpm test -- --grep "res\.cookie|res\.clearCookie|res\.append" 2>&1 | tail -n 20; echo "=== full res.cookie/clearCookie files ==="; npx mocha test/res.cookie.js test/res.clearCookie.js test/res.append.js 2>&1 | tail -n 30
> express@4.17.3 test
> mocha --require test/support/env --reporter spec --bail --check-leaks test/ test/acceptance/ --grep res\.cookie|res\.clearCookie|res\.append



  res
    .append(field, val)
      ✔ should work together with res.cookie


  1 passing (36ms)

=== full res.cookie/clearCookie files ===
    at trim_prefix (/work/repo/lib/router/index.js:322:13)
    at /work/repo/lib/router/index.js:283:7
    at Function.process_params (/work/repo/lib/router/index.js:340:12)
    at next (/work/repo/lib/router/index.js:274:10)
    at Function.handle (/work/repo/lib/router/index.js:174:3)
    at Function.handle (/work/repo/lib/application.js:181:10)
    at Server.app (/work/repo/lib/express.js:39:9)
    at Server.emit (node:events:519:28)
    at parserOnIncoming (node:_http_server:1186:12)
    at HTTPParser.parserOnHeadersComplete (node:_http_common:125:17)
      .signedCookie(name, string)
        ✔ should set a signed cookie

  res
    .clearCookie(name)
      ✔ should set a cookie passed expiry
    .clearCookie(name, options)
      ✔ should set the given params

  res
    .append(field, val)
      ✔ should append multiple headers
      ✔ should accept array of values
      ✔ should get reset by res.set(field, val)
      ✔ should work with res.set(field, val) first
      ✔ should work together with res.cookie


  18 passing (106ms)
[0m
[0m$ [0mnpm test 2>&1 | tail -n 20
with strict option
         when undefined
           should 400 on primitives:
     Error: expected `Unexpected token 't', "#rue" is not valid JSON` response body, got `Unexpected token 't', "#" is not valid JSON`
      at Context.<anonymous> (test/express.json.js:228:12)
      at process.processImmediate (node:internal/timers:484:21)
  ----
      at error (node_modules/supertest/lib/test.js:330:15)
      at Test._assertBody (node_modules/supertest/lib/test.js:206:16)
      at /work/repo/node_modules/supertest/lib/test.js:306:17
      at Test._assertFunction (node_modules/supertest/lib/test.js:285:13)
      at Test.assert (node_modules/supertest/lib/test.js:164:23)
      at Server.localAssert (node_modules/supertest/lib/test.js:120:14)
      at Object.onceWrapper (node:events:633:28)
      at Server.emit (node:events:519:28)
      at emitCloseNT (node:net:2420:8)
      at process.processTicksAndRejections (node:internal/process/task_queues:88:21)
[0m
[0m$ [0mgit stash && npx mocha test/express.json.js --require test/support/env --reporter min 2>&1 | tail -n 15; git stash pop && git diff
Saved working directory and index state WIP on main: 2bd6075 Initial import of the deployed revision
      at IncomingMessage.emit (node:events:519:28)
      at endReadableNT (node:internal/streams/readable:1698:12)
      at process.processTicksAndRejections (node:internal/process/task_queues:89:21)' to contain 'Unexpected token 't', "#rue" is not valid JSON'
      at /work/repo/test/express.json.js:662:12
      at /work/repo/node_modules/supertest/lib/test.js:306:17
      at Test._assertFunction (node_modules/supertest/lib/test.js:285:13)
      at Test.assert (node_modules/supertest/lib/test.js:164:23)
      at Server.localAssert (node_modules/supertest/lib/test.js:120:14)
      at Object.onceWrapper (node:events:633:28)
      at Server.emit (node:events:519:28)
      at emitCloseNT (node:net:2420:8)
      at process.processTicksAndRejections (node:internal/process/task_queues:88:21)



On branch main
Changes not staged for commit:
  (use "git add <file>..." to update what will be committed)
  (use "git restore <file>..." to discard changes in working directory)
	modified:   lib/response.js

no changes added to commit (use "git add" and/or "git commit -a")
Dropped refs/stash@{0} (e05f70f9a8aa3b9cafa14a0edf185846c841228c)
diff --git a/lib/response.js b/lib/response.js
index bfa7871..37d201b 100644
--- a/lib/response.js
+++ b/lib/response.js
@@ -868,7 +868,7 @@ res.cookie = function (name, value, options) {
     val = 's:' + sign(val, secret);
   }
 
-  if ('maxAge' in opts) {
+  if (opts.maxAge != null) {
     opts.expires = new Date(Date.now() + opts.maxAge);
     opts.maxAge /= 1000;
   }
[0m
