Fixing the production failure — inspecting the incident and repro.
I've confirmed the nested prefix failure — now tracing the prefix joining logic.
I've pinpointed the double-slash bug — now applying the fix.
The main case now passes — running final edge-case validation.
Root cause: `buildRoutePrefix()` in `lib/plugin-override.js` joined nested prefixes incorrectly. When parent prefix ended with `/` (e.g. `/api/`) and child prefix had no leading `/` (e.g. `v1`), it unconditionally prepended `/` to the child, producing `/api//v1`. The route `GET /orders` was then registered at `/api//v1/orders` instead of `/api/v1/orders`, so `GET /api/v1/orders` missed (404 path, surfaced as `E_PREFIX_JOIN` 500 by the app).

Files changed:
- `lib/plugin-override.js:85` — changed `else if (pluginPrefix[0] !== '/')` to `else if (pluginPrefix[0] !== '/' && !instancePrefix.endsWith('/'))`, so a separator `/` is only added when neither side already provides one. The `endsWith('/') && startsWith('/')` dedup branch is unchanged.

Validation:
- `/work/repro`: before `ORIGINAL_FAILURE_REPRODUCED status=500`, after `ORIGINAL_FAILURE_ABSENT status=200`.
- `node --test test/route-prefix.test.js`: 26/26 pass.
- `node --test test/404s.test.js`: 83/83 pass.
- `node --test test/plugin.1.test.js test/plugin.3.test.js test/route.2.test.js`: pass.
- Manual prefix matrix (`/api/`+`v1`, `/api/`+`/v1`, `/api`+`v1`, `/api`+`/v1`, `/`+`v1`, `/`+`/v1`) all resolve to single-slash URL with 200; existing `/v1/`+`/inner/` trailing-slash case still 200.

Remaining uncertainty: full test suite not run; fix assumes prefixes are non-empty strings and only normalizes the join point (no broader trailing-slash normalization).

----- stderr -----
[0m
> build · muse-spark-1.3-contributor-free
[0m
[0m→ [0mRead .
[0m→ [0mRead app
[0m→ [0mRead repo
[0m→ [0mRead incident-evidence.md
[0m→ [0mRead incident-evidence.json
[0m→ [0mRead .repro
[0m→ [0mRead app/server.mjs
[0m
[0m$ [0mls -R /work/.repro 2>&1; echo "---"; cat /work/repro 2>&1 | head -n 200; echo "==="; file /work/repro 2>&1
/work/.repro:
incident.repro.json
rt

/work/.repro/rt:
experiments
packages

/work/.repro/rt/experiments:
reproducer-v3

/work/.repro/rt/experiments/reproducer-v3:
headline
src

/work/.repro/rt/experiments/reproducer-v3/headline:
replay-raw.mjs

/work/.repro/rt/experiments/reproducer-v3/src:
capture
detector
oracle
replay

/work/.repro/rt/experiments/reproducer-v3/src/capture:
context.mjs
events.mjs
patch-fetch.mjs
patch-http.mjs
patch-pg.mjs
patch-time.mjs
persist.mjs
redact.mjs
register.mjs
state.mjs

/work/.repro/rt/experiments/reproducer-v3/src/detector:
select.mjs

/work/.repro/rt/experiments/reproducer-v3/src/oracle:
fingerprint.mjs
normalize.mjs

/work/.repro/rt/experiments/reproducer-v3/src/replay:
replay-one.mjs

/work/.repro/rt/packages:
kernel

/work/.repro/rt/packages/kernel:
dist
node_modules

/work/.repro/rt/packages/kernel/dist:
checker
evidence
exec
index.d.ts
index.d.ts.map
index.js
index.js.map
journal
judge
policy
process
receipts
signals
types.d.ts
types.d.ts.map
types.js
types.js.map

/work/.repro/rt/packages/kernel/dist/checker:
validation.d.ts
validation.d.ts.map
validation.js
validation.js.map

/work/.repro/rt/packages/kernel/dist/evidence:
artifacts.d.ts
artifacts.d.ts.map
artifacts.js
artifacts.js.map
integrity.d.ts
integrity.d.ts.map
integrity.js
integrity.js.map

/work/.repro/rt/packages/kernel/dist/exec:
in-memory.d.ts
in-memory.d.ts.map
in-memory.js
in-memory.js.map
types.d.ts
types.d.ts.map
types.js
types.js.map

/work/.repro/rt/packages/kernel/dist/journal:
jsonl.d.ts
jsonl.d.ts.map
jsonl.js
jsonl.js.map

/work/.repro/rt/packages/kernel/dist/judge:
validator.d.ts
validator.d.ts.map
validator.js
validator.js.map

/work/.repro/rt/packages/kernel/dist/policy:
classify.d.ts
classify.d.ts.map
classify.js
classify.js.map
logical-run.d.ts
logical-run.d.ts.map
logical-run.js
logical-run.js.map

/work/.repro/rt/packages/kernel/dist/process:
run.d.ts
run.d.ts.map
run.js
run.js.map

/work/.repro/rt/packages/kernel/dist/receipts:
receipt.d.ts
receipt.d.ts.map
receipt.js
receipt.js.map

/work/.repro/rt/packages/kernel/dist/signals:
detect.d.ts
detect.d.ts.map
detect.js
detect.js.map
glob.d.ts
glob.d.ts.map
glob.js
glob.js.map
invariants.d.ts
invariants.d.ts.map
invariants.js
invariants.js.map

/work/.repro/rt/packages/kernel/node_modules:
@sec-ant
@sindresorhus
cross-spawn
execa
figures
get-stream
human-signals
is-plain-obj
is-stream
is-unicode-supported
isexe
npm-run-path
p-limit
parse-ms
path-key
pretty-ms
shebang-command
shebang-regex
signal-exit
strip-final-newline
unicorn-magic
which
yocto-queue
yoctocolors

/work/.repro/rt/packages/kernel/node_modules/@sec-ant:
readable-stream

/work/.repro/rt/packages/kernel/node_modules/@sec-ant/readable-stream:
LICENSE
README.md
dist
package.json

/work/.repro/rt/packages/kernel/node_modules/@sec-ant/readable-stream/dist:
core
index
polyfill
ponyfill
types

/work/.repro/rt/packages/kernel/node_modules/@sec-ant/readable-stream/dist/core:
asyncIterablePrototype.d.ts
asyncIterator.d.ts
fromAnyIterable.d.ts

/work/.repro/rt/packages/kernel/node_modules/@sec-ant/readable-stream/dist/index:
asyncIterator.d.ts
asyncIterator.js
fromAnyIterable.d.ts
fromAnyIterable.js
index.d.ts
index.js

/work/.repro/rt/packages/kernel/node_modules/@sec-ant/readable-stream/dist/polyfill:
asyncIterator.d.ts
asyncIterator.js
fromAnyIterable.d.ts
fromAnyIterable.js
index.d.ts
index.js

/work/.repro/rt/packages/kernel/node_modules/@sec-ant/readable-stream/dist/ponyfill:
asyncIterator.d.ts
asyncIterator.js
fromAnyIterable.d.ts
fromAnyIterable.js
index.d.ts
index.js

/work/.repro/rt/packages/kernel/node_modules/@sec-ant/readable-stream/dist/types:
async-iterator.d.ts

/work/.repro/rt/packages/kernel/node_modules/@sindresorhus:
merge-streams

/work/.repro/rt/packages/kernel/node_modules/@sindresorhus/merge-streams:
index.d.ts
index.js
license
package.json
readme.md

/work/.repro/rt/packages/kernel/node_modules/cross-spawn:
LICENSE
README.md
index.js
lib
node_modules
package.json

/work/.repro/rt/packages/kernel/node_modules/cross-spawn/lib:
enoent.js
parse.js
util

/work/.repro/rt/packages/kernel/node_modules/cross-spawn/lib/util:
escape.js
readShebang.js
resolveCommand.js

/work/.repro/rt/packages/kernel/node_modules/cross-spawn/node_modules:

/work/.repro/rt/packages/kernel/node_modules/execa:
index.d.ts
index.js
lib
license
package.json
readme.md
types

/work/.repro/rt/packages/kernel/node_modules/execa/lib:
arguments
convert
io
ipc
methods
pipe
resolve
return
stdio
terminate
transform
utils
verbose

/work/.repro/rt/packages/kernel/node_modules/execa/lib/arguments:
command.js
cwd.js
encoding-option.js
escape.js
fd-options.js
file-url.js
options.js
shell.js
specific.js

/work/.repro/rt/packages/kernel/node_modules/execa/lib/convert:
add.js
concurrent.js
duplex.js
iterable.js
readable.js
shared.js
writable.js

/work/.repro/rt/packages/kernel/node_modules/execa/lib/io:
contents.js
input-sync.js
iterate.js
max-buffer.js
output-async.js
output-sync.js
pipeline.js
strip-newline.js

/work/.repro/rt/packages/kernel/node_modules/execa/lib/ipc:
array.js
buffer-messages.js
forward.js
get-each.js
get-one.js
graceful.js
incoming.js
ipc-input.js
methods.js
outgoing.js
reference.js
send.js
strict.js
validation.js

/work/.repro/rt/packages/kernel/node_modules/execa/lib/methods:
bind.js
command.js
create.js
main-async.js
main-sync.js
node.js
parameters.js
promise.js
script.js
template.js

/work/.repro/rt/packages/kernel/node_modules/execa/lib/pipe:
abort.js
pipe-arguments.js
sequence.js
setup.js
streaming.js
throw.js

/work/.repro/rt/packages/kernel/node_modules/execa/lib/resolve:
all-async.js
all-sync.js
exit-async.js
exit-sync.js
stdio.js
wait-stream.js
wait-subprocess.js

/work/.repro/rt/packages/kernel/node_modules/execa/lib/return:
duration.js
early-error.js
final-error.js
message.js
reject.js
result.js

/work/.repro/rt/packages/kernel/node_modules/execa/lib/stdio:
direction.js
duplicate.js
handle-async.js
handle-sync.js
handle.js
input-option.js
native.js
stdio-option.js
type.js

/work/.repro/rt/packages/kernel/node_modules/execa/lib/terminate:
cancel.js
cleanup.js
graceful.js
kill.js
signal.js
timeout.js

/work/.repro/rt/packages/kernel/node_modules/execa/lib/transform:
encoding-transform.js
generator.js
normalize.js
object-mode.js
run-async.js
run-sync.js
split.js
validate.js

/work/.repro/rt/packages/kernel/node_modules/execa/lib/utils:
abort-signal.js
deferred.js
max-listeners.js
standard-stream.js
uint-array.js

/work/.repro/rt/packages/kernel/node_modules/execa/lib/verbose:
complete.js
custom.js
default.js
error.js
info.js
ipc.js
log.js
output.js
start.js
values.js

/work/.repro/rt/packages/kernel/node_modules/execa/types:
arguments
convert.d.ts
ipc.d.ts
methods
pipe.d.ts
return
stdio
subprocess
transform
utils.d.ts
verbose.d.ts

/work/.repro/rt/packages/kernel/node_modules/execa/types/arguments:
encoding-option.d.ts
fd-options.d.ts
options.d.ts
specific.d.ts

/work/.repro/rt/packages/kernel/node_modules/execa/types/methods:
command.d.ts
main-async.d.ts
main-sync.d.ts
node.d.ts
script.d.ts
template.d.ts

/work/.repro/rt/packages/kernel/node_modules/execa/types/return:
final-error.d.ts
ignore.d.ts
result-all.d.ts
result-ipc.d.ts
result-stdio.d.ts
result-stdout.d.ts
result.d.ts

/work/.repro/rt/packages/kernel/node_modules/execa/types/stdio:
array.d.ts
direction.d.ts
option.d.ts
type.d.ts

/work/.repro/rt/packages/kernel/node_modules/execa/types/subprocess:
all.d.ts
stdio.d.ts
stdout.d.ts
subprocess.d.ts

/work/.repro/rt/packages/kernel/node_modules/execa/types/transform:
normalize.d.ts
object-mode.d.ts

/work/.repro/rt/packages/kernel/node_modules/figures:
index.d.ts
index.js
license
package.json
readme.md

/work/.repro/rt/packages/kernel/node_modules/get-stream:
license
package.json
readme.md
source

/work/.repro/rt/packages/kernel/node_modules/get-stream/source:
array-buffer.js
array.js
buffer.js
contents.js
exports.js
index.d.ts
index.js
stream.js
string.js
utils.js

/work/.repro/rt/packages/kernel/node_modules/human-signals:
LICENSE
README.md
build
package.json

/work/.repro/rt/packages/kernel/node_modules/human-signals/build:
src

/work/.repro/rt/packages/kernel/node_modules/human-signals/build/src:
core.js
main.d.ts
main.js
realtime.js
signals.js

/work/.repro/rt/packages/kernel/node_modules/is-plain-obj:
index.d.ts
index.js
license
package.json
readme.md

/work/.repro/rt/packages/kernel/node_modules/is-stream:
index.d.ts
index.js
license
package.json
readme.md

/work/.repro/rt/packages/kernel/node_modules/is-unicode-supported:
index.d.ts
index.js
license
package.json
readme.md

/work/.repro/rt/packages/kernel/node_modules/isexe:
LICENSE
README.md
index.js
mode.js
package.json
test
windows.js

/work/.repro/rt/packages/kernel/node_modules/isexe/test:
basic.js

/work/.repro/rt/packages/kernel/node_modules/npm-run-path:
index.d.ts
index.js
license
package.json
readme.md

/work/.repro/rt/packages/kernel/node_modules/p-limit:
index.d.ts
index.js
license
package.json
readme.md

/work/.repro/rt/packages/kernel/node_modules/parse-ms:
index.d.ts
index.js
license
package.json
readme.md

/work/.repro/rt/packages/kernel/node_modules/path-key:
index.d.ts
index.js
license
package.json
readme.md

/work/.repro/rt/packages/kernel/node_modules/pretty-ms:
index.d.ts
index.js
license
package.json
readme.md

/work/.repro/rt/packages/kernel/node_modules/shebang-command:
index.js
license
package.json
readme.md

/work/.repro/rt/packages/kernel/node_modules/shebang-regex:
index.d.ts
index.js
license
package.json
readme.md

/work/.repro/rt/packages/kernel/node_modules/signal-exit:
browser.d.ts
browser.d.ts.map
browser.js
browser.js.map
index.d.ts
index.d.ts.map
index.js
index.js.map
package.json
signals.d.ts
signals.d.ts.map
signals.js
signals.js.map

/work/.repro/rt/packages/kernel/node_modules/strip-final-newline:
index.d.ts
index.js
license
package.json
readme.md

/work/.repro/rt/packages/kernel/node_modules/unicorn-magic:
default.d.ts
default.js
license
node.d.ts
node.js
package.json
readme.md

/work/.repro/rt/packages/kernel/node_modules/which:
CHANGELOG.md
LICENSE
README.md
bin
package.json
which.js

/work/.repro/rt/packages/kernel/node_modules/which/bin:
node-which

/work/.repro/rt/packages/kernel/node_modules/yocto-queue:
index.d.ts
index.js
license
package.json
readme.md

/work/.repro/rt/packages/kernel/node_modules/yoctocolors:
base.d.ts
base.js
index.d.ts
index.js
license
package.json
readme.md
---
#!/usr/bin/env bash
# Experiment-only incident runner.
# Executes the captured production incident against the CURRENT worktree and
# reports whether the original failure is still present.
set -uo pipefail
OUT=$(node /work/.repro/rt/experiments/reproducer-v3/headline/replay-raw.mjs \
  --app /work/app/server.mjs \
  --capture /work/.repro/incident.repro.json \
  --port 48999 \
  --env '{"REPO_ROOT":"/work/repo","PGPORT":"54399","REPLAY_HOST":"127.0.0.1"}' 2>&1 | tail -1)

node -e '
const raw = process.argv[1];
let d = null; try { d = JSON.parse(raw); } catch {}
if (!d) { console.log("REPRO_RUNNER_ERROR"); console.log(raw.slice(0, 500)); process.exit(2); }
console.log(d.pass ? "ORIGINAL_FAILURE_REPRODUCED" : "ORIGINAL_FAILURE_ABSENT");
console.log("observed_http_status=" + (d.status ?? "none"));
' "$OUT"
===
/usr/bin/bash: line 1: file: command not found
[0m
[0m→ [0mRead .repro/incident.repro.json
[0m
[0m$ [0m/work/repro 2>&1
ORIGINAL_FAILURE_REPRODUCED
observed_http_status=500
[0m
[0m✗ [0mGrep "prefix" failed[90m in repo/lib[0m
[91m[1mError: [0mripgrep execution failed
[0m
[0m$ [0mls /work/repo/lib/; echo "---"; grep -rn "prefix" /work/repo/lib/ --include="*.js" | head -n 100
config-validator.js
content-type-parser.js
content-type.js
context.js
decorate.js
error-handler.js
error-serializer.js
error-status.js
errors.js
four-oh-four.js
handle-request.js
head-route.js
hooks.js
initial-config-validation.js
logger-factory.js
logger-pino.js
noop-set.js
plugin-override.js
plugin-utils.js
promise.js
reply.js
req-id-gen-factory.js
request.js
route.js
schema-controller.js
schemas.js
server.js
symbols.js
validation.js
warnings.js
wrap-thenable.js
---
/work/repo/lib/route.js:253:    const prefix = this[kRoutePrefix]
/work/repo/lib/route.js:255:    if (path === '/' && prefix.length > 0 && opts.method !== 'HEAD') {
/work/repo/lib/route.js:256:      switch (opts.prefixTrailingSlash) {
/work/repo/lib/route.js:267:          if (ignoreTrailingSlash !== true && (ignoreDuplicateSlashes !== true || !prefix.endsWith('/'))) {
/work/repo/lib/route.js:268:            addNewRoute.call(this, { path, prefixing: true, isFastify })
/work/repo/lib/route.js:271:    } else if (path[0] === '/' && prefix.endsWith('/')) {
/work/repo/lib/route.js:272:      // Ensure that '/prefix/' + '/route' gets registered as '/prefix/route'
/work/repo/lib/route.js:281:    function addNewRoute ({ path, prefixing = false, isFastify = false }) {
/work/repo/lib/route.js:282:      const url = prefix + path
/work/repo/lib/route.js:287:      opts.prefix = prefix
/work/repo/lib/route.js:299:      if (prefixing === false) {
/work/repo/lib/route.js:356:        prefixTrailingSlash: (opts.prefixTrailingSlash || 'both'),
/work/repo/lib/plugin-override.js:48:  instance[kRoutePrefix] = buildRoutePrefix(instance[kRoutePrefix], opts.prefix)
/work/repo/lib/plugin-override.js:67:  if (opts.prefix) {
/work/repo/lib/plugin-override.js:81:  // Ensure that there is a '/' between the prefixes
/work/repo/lib/request.js:195:        prefixTrailingSlash: context.prefixTrailingSlash,
/work/repo/lib/context.js:39:  prefixTrailingSlash,
/work/repo/lib/context.js:66:  this.prefixTrailingSlash = prefixTrailingSlash
/work/repo/lib/four-oh-four.js:45:    // Change the pointer of the fastify instance to itself, so register + prefix can add new 404 handler
/work/repo/lib/four-oh-four.js:96:    const prefix = this[kRoutePrefix] || '/'
/work/repo/lib/four-oh-four.js:99:      throw new Error(`Not found handler already set for Fastify instance with prefix: '${prefix}'`)
/work/repo/lib/four-oh-four.js:138:      _setNotFoundHandler.call(this, prefix, opts, handler, avvio, routeHandler)
/work/repo/lib/four-oh-four.js:143:  function _setNotFoundHandler (prefix, opts, handler, avvio, routeHandler) {
/work/repo/lib/four-oh-four.js:164:    if (this[kFourOhFourContext] !== null && prefix === '/') {
/work/repo/lib/four-oh-four.js:171:    router.all(prefix + (prefix.endsWith('/') ? '*' : '/*'), routeHandler, context)
/work/repo/lib/four-oh-four.js:172:    router.all(prefix, routeHandler, context)
[0m
[0m→ [0mRead repo/lib/plugin-override.js
[0m→ [0mRead repo/lib/route.js[90m [offset=240, limit=130][0m
[0m
[0m$ [0mgrep -rn "kRoutePrefix" /work/repo/ --include="*.js" | grep -v node_modules | head -n 40
/work/repo/fastify.js:16:  kRoutePrefix,
/work/repo/fastify.js:153:    [kRoutePrefix]: '',
/work/repo/fastify.js:309:      get () { return this[kRoutePrefix] }
/work/repo/lib/route.js:36:  kRoutePrefix,
/work/repo/lib/route.js:253:    const prefix = this[kRoutePrefix]
/work/repo/lib/plugin-override.js:6:  kRoutePrefix,
/work/repo/lib/plugin-override.js:48:  instance[kRoutePrefix] = buildRoutePrefix(instance[kRoutePrefix], opts.prefix)
/work/repo/lib/four-oh-four.js:9:  kRoutePrefix,
/work/repo/lib/four-oh-four.js:96:    const prefix = this[kRoutePrefix] || '/'
/work/repo/lib/symbols.js:9:  kRoutePrefix: Symbol('fastify.routePrefix'),
[0m
[0m$ [0mgit log --oneline -15 -- lib/plugin-override.js 2>&1 | head -n 20
echo "---"
git log --oneline -5 2>&1 | head -n 20
echo "---"
git status 2>&1 | head -n 20
25a4105 Initial import of the deployed revision
---
25a4105 Initial import of the deployed revision
---
On branch main
nothing to commit, working tree clean
[0m
[0m$ [0mgrep -rn "prefix" /work/repo/test/ --include="*.js" -l | head -n 20
echo "---"
grep -rn "buildRoutePrefix\|prefix.*trailing\|prefix.*slash" /work/repo/test/ --include="*.js" | head -n 60
/work/repo/test/hooks.test.js
/work/repo/test/hooks-async.test.js
/work/repo/test/route.8.test.js
/work/repo/test/schema-special-usage.test.js
/work/repo/test/schema-serialization.test.js
/work/repo/test/route.2.test.js
/work/repo/test/internals/reply.test.js
/work/repo/test/internals/request-validate.test.js
/work/repo/test/internals/req-id-gen-factory.test.js
/work/repo/test/route.6.test.js
/work/repo/test/schema-feature.test.js
/work/repo/test/route.7.test.js
/work/repo/test/plugin.3.test.js
/work/repo/test/404s.test.js
/work/repo/test/decorator.test.js
/work/repo/test/500s.test.js
/work/repo/test/plugin.1.test.js
/work/repo/test/route-prefix.test.js
/work/repo/test/throw.test.js
/work/repo/test/constrained-routes.test.js
---
/work/repo/test/route.7.test.js:261:test('HEAD routes properly auto created for GET routes when prefixTrailingSlash: \'no-slash\'', (t, done) => {
/work/repo/test/route.7.test.js:271:      prefixTrailingSlash: 'no-slash',
/work/repo/test/route-prefix.test.js:759:test('matches only /prefix  with a / route - prefixTrailingSlash: "no-slash", ignoreTrailingSlash: false', (t, testDone) => {
/work/repo/test/route-prefix.test.js:769:      prefixTrailingSlash: 'no-slash',
/work/repo/test/route-prefix.test.js:798:test('matches only /prefix  with a / route - prefixTrailingSlash: "no-slash", ignoreDuplicateSlashes: false', (t, testDone) => {
/work/repo/test/route-prefix.test.js:808:      prefixTrailingSlash: 'no-slash',
/work/repo/test/route-prefix.test.js:837:test('matches only /prefix/  with a / route - prefixTrailingSlash: "slash", ignoreTrailingSlash: false', (t, testDone) => {
/work/repo/test/route-prefix.test.js:847:      prefixTrailingSlash: 'slash',
[0m
[0m→ [0mRead repo/test/route-prefix.test.js
[0m
[0m← [0mEdit repo/lib/plugin-override.js
Index: /work/repo/lib/plugin-override.js
===================================================================
--- /work/repo/lib/plugin-override.js
+++ /work/repo/lib/plugin-override.js
@@ -81,9 +81,9 @@
 // Ensure that there is a '/' between the prefixes
 if (instancePrefix.endsWith('/') && pluginPrefix[0] === '/') {
   // Remove the extra '/' to avoid: '/first//second'
   pluginPrefix = pluginPrefix.slice(1)
-} else if (pluginPrefix[0] !== '/') {
+} else if (pluginPrefix[0] !== '/' && !instancePrefix.endsWith('/')) {
   pluginPrefix = '/' + pluginPrefix
 }
 
 return instancePrefix + pluginPrefix

[0m
[0m$ [0m/work/repro 2>&1
ORIGINAL_FAILURE_ABSENT
observed_http_status=200
[0m
[0m$ [0mnode --test test/route-prefix.test.js 2>&1 | tail -n 30
...
# (node:119) [FSTDEP022] FastifyWarning: The router options for ignoreTrailingSlash property access is deprecated. Please use "options.routerOptions" instead for accessing router options. The router options will be removed in `fastify@6`.
# Subtest: matches only /prefix  with a / route - prefixTrailingSlash: "no-slash", ignoreDuplicateSlashes: false
ok 24 - matches only /prefix  with a / route - prefixTrailingSlash: "no-slash", ignoreDuplicateSlashes: false
  ---
  duration_ms: 3.784569
  type: 'test'
  ...
# (node:119) [FSTDEP022] FastifyWarning: The router options for ignoreTrailingSlash property access is deprecated. Please use "options.routerOptions" instead for accessing router options. The router options will be removed in `fastify@6`.
# Subtest: matches only /prefix/  with a / route - prefixTrailingSlash: "slash", ignoreTrailingSlash: false
ok 25 - matches only /prefix/  with a / route - prefixTrailingSlash: "slash", ignoreTrailingSlash: false
  ---
  duration_ms: 7.170172
  type: 'test'
  ...
# Subtest: calls onRoute only once when prefixing
ok 26 - calls onRoute only once when prefixing
  ---
  duration_ms: 3.529874
  type: 'test'
  ...
1..26
# tests 26
# suites 0
# pass 26
# fail 0
# cancelled 0
# skipped 0
# todo 0
# duration_ms 1005.689153
[0m
[0m$ [0mnode --test test/plugin.1.test.js test/plugin.3.test.js test/route.2.test.js 2>&1 | tail -n 15
# Subtest: handler function in options of shorthand route should works correctly
ok 19 - handler function in options of shorthand route should works correctly
  ---
  duration_ms: 7.049902
  type: 'test'
  ...
1..19
# tests 19
# suites 0
# pass 19
# fail 0
# cancelled 0
# skipped 0
# todo 0
# duration_ms 2963.887765
[0m
[0m$ [0mnode -e "
const F = require('/work/repo/fastify.js');
async function check(outer, inner, expected) {
  const app = F();
  await app.register(async (api) => {
    await api.register(async (v1) => {
      v1.get('/orders', async () => ({ok:true}));
    }, { prefix: inner });
  }, { prefix: outer });
  await app.ready();
  const res = await app.inject({method:'GET', url: expected});
  console.log(JSON.stringify({outer, inner, expected, status: res.statusCode, pass: res.statusCode===200}));
  await app.close();
}
(async()=>{
  await check('/api/', 'v1', '/api/v1/orders');
  await check('/api/', '/v1', '/api/v1/orders');
  await check('/api', 'v1', '/api/v1/orders');
  await check('/api', '/v1', '/api/v1/orders');
  await check('/', 'v1', '/v1/orders');
  await check('/', '/v1', '/v1/orders');
  await check('/v1/', '/inner/', '/v1/inner/orders'.replace('orders','x') || '/v1/inner/x');
})();
" 2>&1
{"outer":"/api/","inner":"v1","expected":"/api/v1/orders","status":200,"pass":true}
{"outer":"/api/","inner":"/v1","expected":"/api/v1/orders","status":200,"pass":true}
{"outer":"/api","inner":"v1","expected":"/api/v1/orders","status":200,"pass":true}
{"outer":"/api","inner":"/v1","expected":"/api/v1/orders","status":200,"pass":true}
{"outer":"/","inner":"v1","expected":"/v1/orders","status":200,"pass":true}
{"outer":"/","inner":"/v1","expected":"/v1/orders","status":200,"pass":true}
{"outer":"/v1/","inner":"/inner/","expected":"/v1/inner/x","status":404,"pass":false}
[0m
[0m$ [0mnode -e "
const F = require('/work/repo/fastify.js');
async function prefixCheck(outer, inner) {
  const app = F();
  let seen='';
  await app.register(async (api) => {
    await api.register(async (v1) => { seen = v1.prefix; v1.get('/x', async()=>({ok:1})); }, { prefix: inner });
  }, { prefix: outer });
  await app.ready();
  const res = await app.inject({method:'GET', url: seen+'/x'});
  console.log(JSON.stringify({outer, inner, prefix: seen, status: res.statusCode}));
  await app.close();
}
(async()=>{
  await prefixCheck('/v1/', '/inner/');
  await prefixCheck('/api/', 'v1');
})();
" 2>&1
{"outer":"/v1/","inner":"/inner/","prefix":"/v1/inner/","status":404}
{"outer":"/api/","inner":"v1","prefix":"/api/v1","status":200}
[0m
[0m$ [0mnode -e "
const F = require('/work/repo/fastify.js');
(async()=>{
  const app = F();
  await app.register(async (api) => {
    api.get('/route1', async()=>({a:1}));
    api.get('route2', async()=>({a:2}));
    await api.register(async (inner) => { inner.get('/route3', async()=>({a:3})); }, { prefix: '/inner/' });
  }, { prefix: '/v1/' });
  await app.ready();
  for (const u of ['/v1/route1','/v1/route2','/v1/inner/route3']) {
    const r = await app.inject({method:'GET', url: u});
    console.log(u, r.statusCode, r.payload);
  }
  await app.close();
})();
" 2>&1
/v1/route1 200 {"a":1}
/v1/route2 200 {"a":2}
/v1/inner/route3 200 {"a":3}
[0m
[0m$ [0mnode --test test/404s.test.js 2>&1 | tail -n 10
...
1..37
# tests 83
# suites 0
# pass 83
# fail 0
# cancelled 0
# skipped 0
# todo 0
# duration_ms 1585.535477
[0m
