Repairing the production fault — tracing the incident to its root cause.

----- stderr -----
[0m
> build · muse-spark-1.3-contributor-free
[0m
[0m→ [0mRead repo
[0m→ [0mRead app
[0m→ [0mRead incident-evidence.md
[0m→ [0mRead incident-evidence.json
[0m→ [0mRead app/server.mjs
[0m→ [0mRead repo/package.json
[0m→ [0mRead repo/index.js
[0m✗ [0mGrep "jsonp" failed
[91m[1mError: [0mripgrep execution failed
[0m
[0m$ [0mls -R lib | head -n 50; echo ---; ls test | head -n 100
---
ls: cannot access 'lib': No such file or directory
ls: cannot access 'test': No such file or directory
[0m
[0m$ [0mpwd; ls -la
/work
total 12
drwxr-xr-x  6 root root  192 Sep 11 17:15 .
drwxr-xr-x  1 root root 4096 Sep 11 17:15 ..
drwxr-xr-x  3 root root   96 Sep 11 17:15 app
-rw-r--r--  1 root root 1832 Sep 11 17:15 incident-evidence.json
-rw-r--r--  1 root root  911 Sep 11 17:15 incident-evidence.md
drwxr-xr-x 28 root root  896 Sep 11 17:15 repo
[0m
[0m$ [0mls -la repo/ | head -n 50; ls repo/lib/ | head -n 50
total 348
drwxr-xr-x  28 root root    896 Sep 11 17:15 .
drwxr-xr-x   6 root root    192 Sep 11 17:15 ..
-rw-r--r--   1 root root    179 Sep 11 17:15 .editorconfig
-rw-r--r--   1 root root     22 Sep 11 17:15 .eslintignore
-rw-r--r--   1 root root    239 Sep 11 17:15 .eslintrc.yml
drwxr-xr-x  12 root root    384 Sep 11 17:15 .git
drwxr-xr-x   3 root root     96 Sep 11 17:15 .github
-rw-r--r--   1 root root    203 Sep 11 17:15 .gitignore
-rw-r--r--   1 root root   3541 Sep 11 17:15 Charter.md
-rw-r--r--   1 root root   5801 Sep 11 17:15 Code-Of-Conduct.md
-rw-r--r--   1 root root   1970 Sep 11 17:15 Collaborator-Guide.md
-rw-r--r--   1 root root   5365 Sep 11 17:15 Contributing.md
-rw-r--r--   1 root root 109892 Sep 11 17:15 History.md
-rw-r--r--   1 root root   1249 Sep 11 17:15 LICENSE
-rw-r--r--   1 root root   4301 Sep 11 17:15 Readme-Guide.md
-rw-r--r--   1 root root   4811 Sep 11 17:15 Readme.md
-rw-r--r--   1 root root   6580 Sep 11 17:15 Release-Process.md
-rw-r--r--   1 root root   1738 Sep 11 17:15 Security.md
-rw-r--r--   1 root root   3821 Sep 11 17:15 Triager-Guide.md
-rw-r--r--   1 root root   2496 Sep 11 17:15 appveyor.yml
drwxr-xr-x   5 root root    160 Sep 11 17:15 benchmarks
drwxr-xr-x  29 root root    928 Sep 11 17:15 examples
-rw-r--r--   1 root root    224 Sep 11 17:15 index.js
drwxr-xr-x  10 root root    320 Sep 11 17:15 lib
drwxr-xr-x 297 root root   9504 Sep 11 17:15 node_modules
-rw-r--r--   1 root root 153548 Sep 11 17:15 package-lock.json
-rw-r--r--   1 root root   2805 Sep 11 17:15 package.json
drwxr-xr-x  81 root root   2592 Sep 11 17:15 test
application.js
express.js
middleware
request.js
response.js
router
utils.js
view.js
[0m
[91m[1mError: [0mError from provider (Console): Upstream request failed: [invalid_request_error] reasoning `encrypted_content` was not issued to this caller
