Repairing the production fault — tracing the failure to its source.
I've pinpointed the session failure — now verifying the edge cases for the fix.
Reproduction confirmed — now applying the patch.
Core cookie behavior is fixed — now confirming no side effects.
**Root cause:** `res.cookie()` in `lib/response.js:871` used `if ('maxAge' in opts)` to decide Max-Age/Expires conversion. `utils-merge` copies `maxAge: undefined` keys, so `GET /session` (with `ttl=undefined`) entered the branch: `new Date(Date.now()+undefined)` → `Invalid Date`, `undefined/1000` → `NaN`. `cookie.serialize()` then threw `TypeError: option maxAge is invalid`, producing HTTP 500.

**Files changed:**
- `lib/response.js` (1 line): `if ('maxAge' in opts)` → `if (opts.maxAge != null)`. Undefined/null now skip conversion (no `Max-Age`/`Expires`); numeric and invalid-string paths unchanged.

**Validation performed:**
- Reproduced 500 before fix with `/session` harness; after fix: `/session` → 200 `sid=abc123; Path=/; HttpOnly`, `/session?ttl=persist` → 200 with `Max-Age=3600` and valid `Expires`, no `Invalid Date`.
- Edge checks: `{}`/`{maxAge:undefined}`/`{maxAge:null}` → 200 no Max-Age; `{maxAge:1000}` → Max-Age=1; `{maxAge:'foobar'}` → 500 `option maxAge is invalid` (preserved).
- Existing tests pass: `test/res.cookie.js + test/res.clearCookie.js` (13 passing), plus `res.append/app.response/regression` (24 passing total); `eslint lib/response.js` clean.

**Remaining uncertainty:** `null` is now treated as absent (no Max-Age) rather than `Max-Age=0` as old code produced; no tests cover `null` and no spec requires either behavior.

----- stderr -----
[0m
> build · muse-spark-1.3-contributor-free
[0m
[0m→ [0mRead repo
[0m→ [0mRead app
[0m→ [0mRead incident-evidence.json
[0m→ [0mRead incident-evidence.md
[0m→ [0mRead app/server.mjs
[0m→ [0mRead repo/lib/response.js
[0m→ [0mRead repo/node_modules/cookie/index.js
[0m✗ [0mGlob "test/**/*.js" failed
[91m[1mError: [0mripgrep execution failed
[0m→ [0mRead repo/package.json
[0m
[0m$ [0mls /work/repo/test/ | head -n 100; echo ---; ls /work/app/
Route.js
Router.js
acceptance
app.all.js
app.del.js
app.engine.js
app.head.js
app.js
app.listen.js
app.locals.js
app.options.js
app.param.js
app.render.js
app.request.js
app.response.js
app.route.js
app.router.js
app.routes.error.js
app.use.js
config.js
exports.js
express.json.js
express.raw.js
express.static.js
express.text.js
express.urlencoded.js
fixtures
middleware.basic.js
regression.js
req.accepts.js
req.acceptsCharset.js
req.acceptsCharsets.js
req.acceptsEncoding.js
req.acceptsEncodings.js
req.acceptsLanguage.js
req.acceptsLanguages.js
req.baseUrl.js
req.fresh.js
req.get.js
req.host.js
req.hostname.js
req.ip.js
req.ips.js
req.is.js
req.param.js
req.path.js
req.protocol.js
req.query.js
req.range.js
req.route.js
req.secure.js
req.signedCookies.js
req.stale.js
req.subdomains.js
req.xhr.js
res.append.js
res.attachment.js
res.clearCookie.js
res.cookie.js
res.download.js
res.format.js
res.get.js
res.json.js
res.jsonp.js
res.links.js
res.locals.js
res.location.js
res.redirect.js
res.render.js
res.send.js
res.sendFile.js
res.sendStatus.js
res.set.js
res.status.js
res.type.js
res.vary.js
support
utils.js
---
server.mjs
[0m
[0m→ [0mRead repo/test/res.clearCookie.js
[0m→ [0mRead repo/test/res.cookie.js
[0m→ [0mRead repo/node_modules/utils-merge/index.js
[0m
[0m$ [0mnode -e "var merge=require('utils-merge'); var o={maxAge:undefined,httpOnly:true}; var m=merge({},o); console.log(m); console.log('maxAge' in m); console.log(m.maxAge != null)"
{ maxAge: undefined, httpOnly: true }
true
false
[0m
[0m$ [0mgit log --oneline -5 2>&1 | head; echo ---; git status --short 2>&1 | head -n 20; echo ---; git diff --stat HEAD 2>&1 | head
807771d Initial import of the deployed revision
---
---
[0m
[0m$ [0mnode --input-type=module <<'EOF'
import express from './index.js';
import http from 'http';
const app = express();
app.get("/session", (req, res) => {
  const ttl = req.query.ttl === "persist" ? 3600000 : undefined;
  res.cookie("sid", "abc123", { maxAge: ttl, httpOnly: true });
  const set = res.getHeader("Set-Cookie");
  const header = Array.isArray(set) ? set.join("; ") : String(set ?? "");
  if (/Invalid Date/i.test(header)) {
    res.status(500).json({ error: "malformed" });
    return;
  }
  res.json({ ok: true });
});
const server = app.listen(0, ()=>{
  const port = server.address().port;
  const req = http.get({port, path:'/session'}, (res)=>{
    let b='';
    res.on('data',c=>b+=c);
    res.on('end',()=>{
      console.log('status',res.statusCode);
      console.log('headers',res.headers['set-cookie']);
      console.log('body',b.slice(0,500));
      server.close();
    });
  });
  req.on('error',e=>{console.error(e); server.close()});
});
EOF
status 500
headers undefined
body <!DOCTYPE html>
<html lang="en">
<head>
<meta charset="utf-8">
<title>Error</title>
</head>
<body>
<pre>TypeError: option maxAge is invalid<br> &nbsp; &nbsp;at Object.serialize (/work/repo/node_modules/cookie/index.js:125:13)<br> &nbsp; &nbsp;at res.cookie (/work/repo/lib/response.js:880:36)<br> &nbsp; &nbsp;at file:///work/repo/[eval1]:6:7<br> &nbsp; &nbsp;at Layer.handle [as handle_request] (/work/repo/lib/router/layer.js:95:5)<br> &nbsp; &nbsp;at next (/work/repo/lib/router/route.js:137:13)<b
TypeError: option maxAge is invalid
    at Object.serialize (/work/repo/node_modules/cookie/index.js:125:13)
    at res.cookie (/work/repo/lib/response.js:880:36)
    at file:///work/repo/[eval1]:6:7
    at Layer.handle [as handle_request] (/work/repo/lib/router/layer.js:95:5)
    at next (/work/repo/lib/router/route.js:137:13)
    at Route.dispatch (/work/repo/lib/router/route.js:112:3)
    at Layer.handle [as handle_request] (/work/repo/lib/router/layer.js:95:5)
    at /work/repo/lib/router/index.js:280:22
    at Function.process_params (/work/repo/lib/router/index.js:340:12)
    at next (/work/repo/lib/router/index.js:274:10)
[0m
[0m→ [0mRead repo/.eslintrc.yml
[0m
[0m← [0mEdit repo/lib/response.js
Index: /work/repo/lib/response.js
===================================================================
--- /work/repo/lib/response.js
+++ /work/repo/lib/response.js
@@ -867,9 +867,9 @@
 if (signed) {
   val = 's:' + sign(val, secret);
 }
 
-if ('maxAge' in opts) {
+if (opts.maxAge != null) {
   opts.expires = new Date(Date.now() + opts.maxAge);
   opts.maxAge /= 1000;
 }
 

[0m
[0m$ [0mnode --input-type=module <<'EOF'
import express from './index.js';
import http from 'http';
function get(path){return new Promise((resolve,reject)=>{
  const app = express();
  app.get("/session", (req, res) => {
    const ttl = req.query.ttl === "persist" ? 3600000 : undefined;
    res.cookie("sid", "abc123", { maxAge: ttl, httpOnly: true });
    const set = res.getHeader("Set-Cookie");
    const header = Array.isArray(set) ? set.join("; ") : String(set ?? "");
    if (/Invalid Date/i.test(header)) { res.status(500).json({ error: "malformed" }); return; }
    res.json({ ok: true });
  });
  const server = app.listen(0, ()=>{
    const port = server.address().port;
    http.get({port, path}, (res)=>{
      let b=''; res.on('data',c=>b+=c);
      res.on('end',()=>{ server.close(); resolve({status:res.statusCode, setCookie:res.headers['set-cookie'], body:b}); });
    }).on('error',(e)=>{server.close(); reject(e)});
  });
});}
for (const p of ['/session','/session?ttl=persist']) {
  const r = await get(p);
  console.log('PATH',p,'status',r.status,'set-cookie',r.setCookie,'body',r.body);
}
// edge cases
import express2 from './index.js';
async function cookieTest(opts, label){
  const app = express2();
  app.use((req,res)=>{ try{ res.cookie('n','tobi',opts); res.json({hdr:res.getHeader('Set-Cookie')}); }catch(e){ res.status(500).json({err:String(e)}) } });
  const srv = app.listen(0);
  await new Promise(r=>srv.on('listening',r));
  const port = srv.address().port;
  const out = await new Promise((res,rej)=>{ http.get({port,path:'/'},(r)=>{let b='';r.on('data',c=>b+=c);r.on('end',()=>res({status:r.statusCode,body:b}))}).on('error',rej)});
  console.log(label, JSON.stringify(opts), '=>', out.status, out.body.slice(0,300));
  srv.close();
}
await cookieTest({maxAge:undefined}, 'undefined');
await cookieTest({}, 'absent');
await cookieTest({maxAge:null}, 'null');
await cookieTest({maxAge:1000}, '1000');
await cookieTest({maxAge:'foobar'}, 'foobar');
EOF
PATH /session status 200 set-cookie [ 'sid=abc123; Path=/; HttpOnly' ] body {"ok":true}
PATH /session?ttl=persist status 200 set-cookie [
  'sid=abc123; Max-Age=3600; Path=/; Expires=Fri, 11 Sep 2026 17:28:01 GMT; HttpOnly'
] body {"ok":true}
undefined {} => 200 {"hdr":"n=tobi; Path=/"}
absent {} => 200 {"hdr":"n=tobi; Path=/"}
null {"maxAge":null} => 200 {"hdr":"n=tobi; Path=/"}
1000 {"maxAge":1000} => 200 {"hdr":"n=tobi; Max-Age=1; Path=/; Expires=Fri, 11 Sep 2026 16:28:02 GMT"}
foobar {"maxAge":"foobar"} => 500 {"err":"TypeError: option maxAge is invalid"}
[0m
[0m$ [0mnpx mocha --require test/support/env --reporter spec --bail --check-leaks test/res.cookie.js test/res.clearCookie.js 2>&1 | tail -n 40
node:internal/modules/cjs/loader:1433
  throw err;
  ^

Error: Cannot find module '../lib/cli/options'
Require stack:
- /work/repo/node_modules/.bin/mocha
    at Function._resolveFilename (node:internal/modules/cjs/loader:1430:15)
    at defaultResolveImpl (node:internal/modules/cjs/loader:1040:19)
    at resolveForCJSWithHooks (node:internal/modules/cjs/loader:1045:22)
    at Function._load (node:internal/modules/cjs/loader:1216:25)
    at wrapModuleLoad (node:internal/modules/cjs/loader:254:19)
    at Module.require (node:internal/modules/cjs/loader:1527:12)
    at require (node:internal/modules/helpers:147:16)
    at Object.<anonymous> (/work/repo/node_modules/.bin/mocha:13:23)
    at Module._compile (node:internal/modules/cjs/loader:1781:14)
    at Object..js (node:internal/modules/cjs/loader:1913:10) {
  code: 'MODULE_NOT_FOUND',
  requireStack: [ '/work/repo/node_modules/.bin/mocha' ]
}

Node.js v22.23.2
[0m
[0m$ [0mls node_modules/mocha/bin/ 2>&1; node node_modules/mocha/bin/mocha --require test/support/env --reporter spec --bail --check-leaks test/res.cookie.js test/res.clearCookie.js 2>&1 | tail -n 60
_mocha
mocha


  res
    .cookie(name, object)
      ✔ should generate a JSON cookie
    .cookie(name, string)
      ✔ should set a cookie
      ✔ should allow multiple calls
    .cookie(name, string, options)
      ✔ should set params
      maxAge
        ✔ should set relative expires
        ✔ should set max-age
        ✔ should not mutate the options object
        ✔ should throw an error with invalid maxAge
      signed
        ✔ should generate a signed JSON cookie
      signed without secret
        ✔ should throw an error
      .signedCookie(name, string)
        ✔ should set a signed cookie

  res
    .clearCookie(name)
      ✔ should set a cookie passed expiry
    .clearCookie(name, options)
      ✔ should set the given params


  13 passing (99ms)
[0m
[0m$ [0mnode node_modules/mocha/bin/mocha --require test/support/env --reporter dot --check-leaks test/res.cookie.js test/res.clearCookie.js test/res.append.js test/app.response.js test/regression.js 2>&1 | tail -n 20
........................

  24 passing (176ms)
[0m
[0m$ [0mnode node_modules/eslint/bin/eslint.js lib/response.js 2>&1 | tail -n 20; echo exit:$?; git diff 2>&1 | head -n 30
exit:0
diff --git a/lib/response.js b/lib/response.js
index bfa7871..37d201b 100644
--- a/lib/response.js
+++ b/lib/response.js
@@ -868,7 +868,7 @@ res.cookie = function (name, value, options) {
     val = 's:' + sign(val, secret);
   }
 
-  if ('maxAge' in opts) {
+  if (opts.maxAge != null) {
     opts.expires = new Date(Date.now() + opts.maxAge);
     opts.maxAge /= 1000;
   }
[0m
