Repairing the production fault — gathering evidence and tracing the failure.
I've pinpointed the crash to an undefined cookie expiry — now digging into the root cause.

----- stderr -----
[0m
> build · muse-spark-1.3-contributor-free
[0m
[0m→ [0mRead .
[0m→ [0mRead repo
[0m→ [0mRead app
[0m→ [0mRead incident-evidence.md
[0m→ [0mRead incident-evidence.json
[0m→ [0mRead .repro
[0m→ [0mRead app/server.mjs
[0m
[0m$ [0mls -R /work/.repro 2>&1; echo "---"; cat /work/repro 2>&1 | head -n 200; echo "---"; ls -l /work/repro
/work/.repro:
incident.repro.json
rt

/work/.repro/rt:
experiments
packages

/work/.repro/rt/experiments:
reproducer-v3

/work/.repro/rt/experiments/reproducer-v3:
headline
src

/work/.repro/rt/experiments/reproducer-v3/headline:
replay-raw.mjs

/work/.repro/rt/experiments/reproducer-v3/src:
capture
detector
oracle
replay

/work/.repro/rt/experiments/reproducer-v3/src/capture:
context.mjs
events.mjs
patch-fetch.mjs
patch-http.mjs
patch-pg.mjs
patch-time.mjs
persist.mjs
redact.mjs
register.mjs
state.mjs

/work/.repro/rt/experiments/reproducer-v3/src/detector:
select.mjs

/work/.repro/rt/experiments/reproducer-v3/src/oracle:
fingerprint.mjs
normalize.mjs

/work/.repro/rt/experiments/reproducer-v3/src/replay:
replay-one.mjs

/work/.repro/rt/packages:
kernel

/work/.repro/rt/packages/kernel:
dist
node_modules

/work/.repro/rt/packages/kernel/dist:
checker
evidence
exec
index.d.ts
index.d.ts.map
index.js
index.js.map
journal
judge
policy
process
receipts
signals
types.d.ts
types.d.ts.map
types.js
types.js.map

/work/.repro/rt/packages/kernel/dist/checker:
validation.d.ts
validation.d.ts.map
validation.js
validation.js.map

/work/.repro/rt/packages/kernel/dist/evidence:
artifacts.d.ts
artifacts.d.ts.map
artifacts.js
artifacts.js.map
integrity.d.ts
integrity.d.ts.map
integrity.js
integrity.js.map

/work/.repro/rt/packages/kernel/dist/exec:
in-memory.d.ts
in-memory.d.ts.map
in-memory.js
in-memory.js.map
types.d.ts
types.d.ts.map
types.js
types.js.map

/work/.repro/rt/packages/kernel/dist/journal:
jsonl.d.ts
jsonl.d.ts.map
jsonl.js
jsonl.js.map

/work/.repro/rt/packages/kernel/dist/judge:
validator.d.ts
validator.d.ts.map
validator.js
validator.js.map

/work/.repro/rt/packages/kernel/dist/policy:
classify.d.ts
classify.d.ts.map
classify.js
classify.js.map
logical-run.d.ts
logical-run.d.ts.map
logical-run.js
logical-run.js.map

/work/.repro/rt/packages/kernel/dist/process:
run.d.ts
run.d.ts.map
run.js
run.js.map

/work/.repro/rt/packages/kernel/dist/receipts:
receipt.d.ts
receipt.d.ts.map
receipt.js
receipt.js.map

/work/.repro/rt/packages/kernel/dist/signals:
detect.d.ts
detect.d.ts.map
detect.js
detect.js.map
glob.d.ts
glob.d.ts.map
glob.js
glob.js.map
invariants.d.ts
invariants.d.ts.map
invariants.js
invariants.js.map

/work/.repro/rt/packages/kernel/node_modules:
@sec-ant
@sindresorhus
cross-spawn
execa
figures
get-stream
human-signals
is-plain-obj
is-stream
is-unicode-supported
isexe
npm-run-path
p-limit
parse-ms
path-key
pretty-ms
shebang-command
shebang-regex
signal-exit
strip-final-newline
unicorn-magic
which
yocto-queue
yoctocolors

/work/.repro/rt/packages/kernel/node_modules/@sec-ant:
readable-stream

/work/.repro/rt/packages/kernel/node_modules/@sec-ant/readable-stream:
LICENSE
README.md
dist
package.json

/work/.repro/rt/packages/kernel/node_modules/@sec-ant/readable-stream/dist:
core
index
polyfill
ponyfill
types

/work/.repro/rt/packages/kernel/node_modules/@sec-ant/readable-stream/dist/core:
asyncIterablePrototype.d.ts
asyncIterator.d.ts
fromAnyIterable.d.ts

/work/.repro/rt/packages/kernel/node_modules/@sec-ant/readable-stream/dist/index:
asyncIterator.d.ts
asyncIterator.js
fromAnyIterable.d.ts
fromAnyIterable.js
index.d.ts
index.js

/work/.repro/rt/packages/kernel/node_modules/@sec-ant/readable-stream/dist/polyfill:
asyncIterator.d.ts
asyncIterator.js
fromAnyIterable.d.ts
fromAnyIterable.js
index.d.ts
index.js

/work/.repro/rt/packages/kernel/node_modules/@sec-ant/readable-stream/dist/ponyfill:
asyncIterator.d.ts
asyncIterator.js
fromAnyIterable.d.ts
fromAnyIterable.js
index.d.ts
index.js

/work/.repro/rt/packages/kernel/node_modules/@sec-ant/readable-stream/dist/types:
async-iterator.d.ts

/work/.repro/rt/packages/kernel/node_modules/@sindresorhus:
merge-streams

/work/.repro/rt/packages/kernel/node_modules/@sindresorhus/merge-streams:
index.d.ts
index.js
license
package.json
readme.md

/work/.repro/rt/packages/kernel/node_modules/cross-spawn:
LICENSE
README.md
index.js
lib
node_modules
package.json

/work/.repro/rt/packages/kernel/node_modules/cross-spawn/lib:
enoent.js
parse.js
util

/work/.repro/rt/packages/kernel/node_modules/cross-spawn/lib/util:
escape.js
readShebang.js
resolveCommand.js

/work/.repro/rt/packages/kernel/node_modules/cross-spawn/node_modules:

/work/.repro/rt/packages/kernel/node_modules/execa:
index.d.ts
index.js
lib
license
package.json
readme.md
types

/work/.repro/rt/packages/kernel/node_modules/execa/lib:
arguments
convert
io
ipc
methods
pipe
resolve
return
stdio
terminate
transform
utils
verbose

/work/.repro/rt/packages/kernel/node_modules/execa/lib/arguments:
command.js
cwd.js
encoding-option.js
escape.js
fd-options.js
file-url.js
options.js
shell.js
specific.js

/work/.repro/rt/packages/kernel/node_modules/execa/lib/convert:
add.js
concurrent.js
duplex.js
iterable.js
readable.js
shared.js
writable.js

/work/.repro/rt/packages/kernel/node_modules/execa/lib/io:
contents.js
input-sync.js
iterate.js
max-buffer.js
output-async.js
output-sync.js
pipeline.js
strip-newline.js

/work/.repro/rt/packages/kernel/node_modules/execa/lib/ipc:
array.js
buffer-messages.js
forward.js
get-each.js
get-one.js
graceful.js
incoming.js
ipc-input.js
methods.js
outgoing.js
reference.js
send.js
strict.js
validation.js

/work/.repro/rt/packages/kernel/node_modules/execa/lib/methods:
bind.js
command.js
create.js
main-async.js
main-sync.js
node.js
parameters.js
promise.js
script.js
template.js

/work/.repro/rt/packages/kernel/node_modules/execa/lib/pipe:
abort.js
pipe-arguments.js
sequence.js
setup.js
streaming.js
throw.js

/work/.repro/rt/packages/kernel/node_modules/execa/lib/resolve:
all-async.js
all-sync.js
exit-async.js
exit-sync.js
stdio.js
wait-stream.js
wait-subprocess.js

/work/.repro/rt/packages/kernel/node_modules/execa/lib/return:
duration.js
early-error.js
final-error.js
message.js
reject.js
result.js

/work/.repro/rt/packages/kernel/node_modules/execa/lib/stdio:
direction.js
duplicate.js
handle-async.js
handle-sync.js
handle.js
input-option.js
native.js
stdio-option.js
type.js

/work/.repro/rt/packages/kernel/node_modules/execa/lib/terminate:
cancel.js
cleanup.js
graceful.js
kill.js
signal.js
timeout.js

/work/.repro/rt/packages/kernel/node_modules/execa/lib/transform:
encoding-transform.js
generator.js
normalize.js
object-mode.js
run-async.js
run-sync.js
split.js
validate.js

/work/.repro/rt/packages/kernel/node_modules/execa/lib/utils:
abort-signal.js
deferred.js
max-listeners.js
standard-stream.js
uint-array.js

/work/.repro/rt/packages/kernel/node_modules/execa/lib/verbose:
complete.js
custom.js
default.js
error.js
info.js
ipc.js
log.js
output.js
start.js
values.js

/work/.repro/rt/packages/kernel/node_modules/execa/types:
arguments
convert.d.ts
ipc.d.ts
methods
pipe.d.ts
return
stdio
subprocess
transform
utils.d.ts
verbose.d.ts

/work/.repro/rt/packages/kernel/node_modules/execa/types/arguments:
encoding-option.d.ts
fd-options.d.ts
options.d.ts
specific.d.ts

/work/.repro/rt/packages/kernel/node_modules/execa/types/methods:
command.d.ts
main-async.d.ts
main-sync.d.ts
node.d.ts
script.d.ts
template.d.ts

/work/.repro/rt/packages/kernel/node_modules/execa/types/return:
final-error.d.ts
ignore.d.ts
result-all.d.ts
result-ipc.d.ts
result-stdio.d.ts
result-stdout.d.ts
result.d.ts

/work/.repro/rt/packages/kernel/node_modules/execa/types/stdio:
array.d.ts
direction.d.ts
option.d.ts
type.d.ts

/work/.repro/rt/packages/kernel/node_modules/execa/types/subprocess:
all.d.ts
stdio.d.ts
stdout.d.ts
subprocess.d.ts

/work/.repro/rt/packages/kernel/node_modules/execa/types/transform:
normalize.d.ts
object-mode.d.ts

/work/.repro/rt/packages/kernel/node_modules/figures:
index.d.ts
index.js
license
package.json
readme.md

/work/.repro/rt/packages/kernel/node_modules/get-stream:
license
package.json
readme.md
source

/work/.repro/rt/packages/kernel/node_modules/get-stream/source:
array-buffer.js
array.js
buffer.js
contents.js
exports.js
index.d.ts
index.js
stream.js
string.js
utils.js

/work/.repro/rt/packages/kernel/node_modules/human-signals:
LICENSE
README.md
build
package.json

/work/.repro/rt/packages/kernel/node_modules/human-signals/build:
src

/work/.repro/rt/packages/kernel/node_modules/human-signals/build/src:
core.js
main.d.ts
main.js
realtime.js
signals.js

/work/.repro/rt/packages/kernel/node_modules/is-plain-obj:
index.d.ts
index.js
license
package.json
readme.md

/work/.repro/rt/packages/kernel/node_modules/is-stream:
index.d.ts
index.js
license
package.json
readme.md

/work/.repro/rt/packages/kernel/node_modules/is-unicode-supported:
index.d.ts
index.js
license
package.json
readme.md

/work/.repro/rt/packages/kernel/node_modules/isexe:
LICENSE
README.md
index.js
mode.js
package.json
test
windows.js

/work/.repro/rt/packages/kernel/node_modules/isexe/test:
basic.js

/work/.repro/rt/packages/kernel/node_modules/npm-run-path:
index.d.ts
index.js
license
package.json
readme.md

/work/.repro/rt/packages/kernel/node_modules/p-limit:
index.d.ts
index.js
license
package.json
readme.md

/work/.repro/rt/packages/kernel/node_modules/parse-ms:
index.d.ts
index.js
license
package.json
readme.md

/work/.repro/rt/packages/kernel/node_modules/path-key:
index.d.ts
index.js
license
package.json
readme.md

/work/.repro/rt/packages/kernel/node_modules/pretty-ms:
index.d.ts
index.js
license
package.json
readme.md

/work/.repro/rt/packages/kernel/node_modules/shebang-command:
index.js
license
package.json
readme.md

/work/.repro/rt/packages/kernel/node_modules/shebang-regex:
index.d.ts
index.js
license
package.json
readme.md

/work/.repro/rt/packages/kernel/node_modules/signal-exit:
browser.d.ts
browser.d.ts.map
browser.js
browser.js.map
index.d.ts
index.d.ts.map
index.js
index.js.map
package.json
signals.d.ts
signals.d.ts.map
signals.js
signals.js.map

/work/.repro/rt/packages/kernel/node_modules/strip-final-newline:
index.d.ts
index.js
license
package.json
readme.md

/work/.repro/rt/packages/kernel/node_modules/unicorn-magic:
default.d.ts
default.js
license
node.d.ts
node.js
package.json
readme.md

/work/.repro/rt/packages/kernel/node_modules/which:
CHANGELOG.md
LICENSE
README.md
bin
package.json
which.js

/work/.repro/rt/packages/kernel/node_modules/which/bin:
node-which

/work/.repro/rt/packages/kernel/node_modules/yocto-queue:
index.d.ts
index.js
license
package.json
readme.md

/work/.repro/rt/packages/kernel/node_modules/yoctocolors:
base.d.ts
base.js
index.d.ts
index.js
license
package.json
readme.md
---
#!/usr/bin/env bash
# Experiment-only incident runner.
# Executes the captured production incident against the CURRENT worktree and
# reports whether the original failure is still present.
set -uo pipefail
OUT=$(node /work/.repro/rt/experiments/reproducer-v3/headline/replay-raw.mjs \
  --app /work/app/server.mjs \
  --capture /work/.repro/incident.repro.json \
  --port 48999 \
  --env '{"REPO_ROOT":"/work/repo","PGPORT":"54399","REPLAY_HOST":"127.0.0.1"}' 2>&1 | tail -1)

node -e '
const raw = process.argv[1];
let d = null; try { d = JSON.parse(raw); } catch {}
if (!d) { console.log("REPRO_RUNNER_ERROR"); console.log(raw.slice(0, 500)); process.exit(2); }
console.log(d.pass ? "ORIGINAL_FAILURE_REPRODUCED" : "ORIGINAL_FAILURE_ABSENT");
console.log("observed_http_status=" + (d.status ?? "none"));
' "$OUT"
---
-rwxr-xr-x 1 root root 815 Sep 11 17:10 /work/repro
[0m
[0m→ [0mRead .repro/incident.repro.json
[0m→ [0mRead repo/lib/response.js[90m [offset=860, limit=60][0m
[0m→ [0mRead .repro/rt/experiments/reproducer-v3/headline/replay-raw.mjs
[0m→ [0mRead repo/node_modules/cookie/index.js[90m [offset=100, limit=60][0m
[0m→ [0mRead repo/lib/response.js[90m [offset=820, limit=65][0m
[0m
[0m$ [0m./repro 2>&1; echo EXIT:$?
ORIGINAL_FAILURE_REPRODUCED
observed_http_status=500
EXIT:0
[0m
[0m$ [0mgit log --oneline -15 -- lib/response.js; echo "---"; git status --short; echo "---"; git diff HEAD --stat
3a7b767 Initial import of the deployed revision
---
---
[0m
[0m✗ [0mGrep "maxAge" failed[90m in repo[0m
[91m[1mError: [0mripgrep execution failed
[0m→ [0mRead repo/lib/response.js[90m [limit=30, offset=1][0m
[0m
[0m$ [0mrg -n "maxAge" lib/ test/ --no-heading 2>&1 | head -n 100
ls test/ 2>&1 | head -n 50
/usr/bin/bash: line 1: rg: command not found
Route.js
Router.js
acceptance
app.all.js
app.del.js
app.engine.js
app.head.js
app.js
app.listen.js
app.locals.js
app.options.js
app.param.js
app.render.js
app.request.js
app.response.js
app.route.js
app.router.js
app.routes.error.js
app.use.js
config.js
exports.js
express.json.js
express.raw.js
express.static.js
express.text.js
express.urlencoded.js
fixtures
middleware.basic.js
regression.js
req.accepts.js
req.acceptsCharset.js
req.acceptsCharsets.js
req.acceptsEncoding.js
req.acceptsEncodings.js
req.acceptsLanguage.js
req.acceptsLanguages.js
req.baseUrl.js
req.fresh.js
req.get.js
req.host.js
req.hostname.js
req.ip.js
req.ips.js
req.is.js
req.param.js
req.path.js
req.protocol.js
req.query.js
req.range.js
req.route.js
[0m
[0m$ [0mgrep -rn "maxAge" lib/ test/ 2>&1 | head -n 100; echo "---"; ls test/*.js | head -n 100
lib/response.js:388: *   - `maxAge`   defaulting to 0 (can be string converted by `ms`)
lib/response.js:470: *   - `maxAge`   defaulting to 0 (can be string converted by `ms`)
lib/response.js:835: *    - `maxAge`   max-age in milliseconds, converted to `expires`
lib/response.js:845: *    res.cookie('rememberme', '1', { maxAge: 900000, httpOnly: true })
lib/response.js:871:  if ('maxAge' in opts) {
lib/response.js:872:    opts.expires = new Date(Date.now() + opts.maxAge);
lib/response.js:873:    opts.maxAge /= 1000;
test/res.sendFile.js:621:    describe('with "maxAge" option', function () {
test/res.sendFile.js:627:            maxAge: 20000
test/res.sendFile.js:643:            maxAge: 99999999999
test/res.sendFile.js:659:            maxAge: -20000
test/res.sendFile.js:675:            maxAge: 21911.23
test/res.sendFile.js:693:              maxAge: 20000
test/res.sendFile.js:711:              maxAge: '20000'
test/res.sendFile.js:727:              maxAge: '20s'
test/res.sendFile.js:743:              maxAge: '20m'
test/res.sendFile.js:759:              maxAge: '20d'
test/res.sendFile.js:849:        res.sendfile('test/fixtures/user.html', { maxAge: 60000 });
test/res.download.js:96:          maxAge: '4h'
test/res.download.js:337:          maxAge: '4h'
test/express.static.js:196:      it('should ignore maxAge', function (done) {
test/express.static.js:197:        request(createApp(fixtures, { 'cacheControl': false, 'maxAge': 12000 }))
test/express.static.js:425:      request(createApp(fixtures, { 'immutable': true, 'maxAge': '1h' }))
test/express.static.js:451:  describe('maxAge', function () {
test/express.static.js:453:      request(createApp(fixtures, { 'maxAge': '30d' }))
test/express.static.js:460:      request(createApp(fixtures, { 'maxAge': Infinity }))
test/res.cookie.js:70:    describe('maxAge', function(){
test/res.cookie.js:75:          res.cookie('name', 'tobi', { maxAge: 1000 });
test/res.cookie.js:89:          res.cookie('name', 'tobi', { maxAge: 1000 });
test/res.cookie.js:101:        var options = { maxAge: 1000 };
test/res.cookie.js:114:      it('should throw an error with invalid maxAge', function (done) {
test/res.cookie.js:118:          res.cookie('name', 'tobi', { maxAge: 'foobar' })
test/res.cookie.js:124:          .expect(500, /option maxAge is invalid/, done)
---
test/Route.js
test/Router.js
test/app.all.js
test/app.del.js
test/app.engine.js
test/app.head.js
test/app.js
test/app.listen.js
test/app.locals.js
test/app.options.js
test/app.param.js
test/app.render.js
test/app.request.js
test/app.response.js
test/app.route.js
test/app.router.js
test/app.routes.error.js
test/app.use.js
test/config.js
test/exports.js
test/express.json.js
test/express.raw.js
test/express.static.js
test/express.text.js
test/express.urlencoded.js
test/middleware.basic.js
test/regression.js
test/req.accepts.js
test/req.acceptsCharset.js
test/req.acceptsCharsets.js
test/req.acceptsEncoding.js
test/req.acceptsEncodings.js
test/req.acceptsLanguage.js
test/req.acceptsLanguages.js
test/req.baseUrl.js
test/req.fresh.js
test/req.get.js
test/req.host.js
test/req.hostname.js
test/req.ip.js
test/req.ips.js
test/req.is.js
test/req.param.js
test/req.path.js
test/req.protocol.js
test/req.query.js
test/req.range.js
test/req.route.js
test/req.secure.js
test/req.signedCookies.js
test/req.stale.js
test/req.subdomains.js
test/req.xhr.js
test/res.append.js
test/res.attachment.js
test/res.clearCookie.js
test/res.cookie.js
test/res.download.js
test/res.format.js
test/res.get.js
test/res.json.js
test/res.jsonp.js
test/res.links.js
test/res.locals.js
test/res.location.js
test/res.redirect.js
test/res.render.js
test/res.send.js
test/res.sendFile.js
test/res.sendStatus.js
test/res.set.js
test/res.status.js
test/res.type.js
test/res.vary.js
test/utils.js
[0m
[91m[1mError: [0mError from provider (Console): Upstream request failed: [invalid_request_error] reasoning `encrypted_content` was not issued to this caller
