Repairing the production bug — tracing the incident to its root cause.
I've pinpointed the faulty cookie logic — now confirming the fix approach.

----- stderr -----
[0m
> build · muse-spark-1.3-contributor-free
[0m
[0m→ [0mRead .
[0m→ [0mRead repo
[0m→ [0mRead app
[0m→ [0mRead incident-evidence.md
[0m→ [0mRead incident-evidence.json
[0m→ [0mRead .repro
[0m→ [0mRead repro
[0m→ [0mRead app/server.mjs
[0m→ [0mRead .repro/incident.repro.json
[0m→ [0mRead repo/node_modules/cookie/index.js[90m [offset=100, limit=60][0m
[0m→ [0mRead repo/lib/response.js[90m [offset=860, limit=60][0m
[0m→ [0mRead repo/lib/response.js[90m [offset=830, limit=55][0m
[0m✗ [0mGrep "merge|require.*cookie" failed[90m in repo/lib[0m
[91m[1mError: [0mripgrep execution failed
[0m→ [0mRead repo/lib/response.js[90m [limit=30][0m
[91m[1mError: [0mError from provider (Console): Upstream request failed: [invalid_request_error] reasoning `encrypted_content` was not issued to this caller
